Component: ARM Compiler 5.06 update 7 (build 960) Tool: armlink [4d3601]

==============================================================================

Section Cross References

    startup_stm32f407xx.o(STACK) refers (Special) to heapauxi.o(.text) for __use_two_region_memory
    startup_stm32f407xx.o(HEAP) refers (Special) to heapauxi.o(.text) for __use_two_region_memory
    startup_stm32f407xx.o(RESET) refers (Special) to heapauxi.o(.text) for __use_two_region_memory
    startup_stm32f407xx.o(RESET) refers to startup_stm32f407xx.o(STACK) for __initial_sp
    startup_stm32f407xx.o(RESET) refers to startup_stm32f407xx.o(.text) for Reset_Handler
    startup_stm32f407xx.o(RESET) refers to stm32f4xx_it.o(i.NMI_Handler) for NMI_Handler
    startup_stm32f407xx.o(RESET) refers to stm32f4xx_it.o(i.HardFault_Handler) for HardFault_Handler
    startup_stm32f407xx.o(RESET) refers to stm32f4xx_it.o(i.MemManage_Handler) for MemManage_Handler
    startup_stm32f407xx.o(RESET) refers to stm32f4xx_it.o(i.BusFault_Handler) for BusFault_Handler
    startup_stm32f407xx.o(RESET) refers to stm32f4xx_it.o(i.UsageFault_Handler) for UsageFault_Handler
    startup_stm32f407xx.o(RESET) refers to port.o(.emb_text) for SVC_Handler
    startup_stm32f407xx.o(RESET) refers to stm32f4xx_it.o(i.DebugMon_Handler) for DebugMon_Handler
    startup_stm32f407xx.o(RESET) refers to stm32f4xx_it.o(i.SysTick_Handler) for SysTick_Handler
    startup_stm32f407xx.o(RESET) refers to stm32f4xx_it.o(i.EXTI0_IRQHandler) for EXTI0_IRQHandler
    startup_stm32f407xx.o(RESET) refers to stm32f4xx_it.o(i.EXTI3_IRQHandler) for EXTI3_IRQHandler
    startup_stm32f407xx.o(RESET) refers to stm32f4xx_it.o(i.EXTI4_IRQHandler) for EXTI4_IRQHandler
    startup_stm32f407xx.o(RESET) refers to stm32f4xx_it.o(i.CAN1_RX0_IRQHandler) for CAN1_RX0_IRQHandler
    startup_stm32f407xx.o(RESET) refers to stm32f4xx_it.o(i.EXTI9_5_IRQHandler) for EXTI9_5_IRQHandler
    startup_stm32f407xx.o(RESET) refers to remote_control.o(i.USART3_IRQHandler) for USART3_IRQHandler
    startup_stm32f407xx.o(RESET) refers to bsp_i2c.o(i.DMA1_Stream7_IRQHandler) for DMA1_Stream7_IRQHandler
    startup_stm32f407xx.o(RESET) refers to stm32f4xx_it.o(i.DMA2_Stream1_IRQHandler) for DMA2_Stream1_IRQHandler
    startup_stm32f407xx.o(RESET) refers to ins_task.o(i.DMA2_Stream2_IRQHandler) for DMA2_Stream2_IRQHandler
    startup_stm32f407xx.o(RESET) refers to stm32f4xx_it.o(i.CAN2_RX0_IRQHandler) for CAN2_RX0_IRQHandler
    startup_stm32f407xx.o(RESET) refers to stm32f4xx_it.o(i.OTG_FS_IRQHandler) for OTG_FS_IRQHandler
    startup_stm32f407xx.o(RESET) refers to stm32f4xx_it.o(i.DMA2_Stream6_IRQHandler) for DMA2_Stream6_IRQHandler
    startup_stm32f407xx.o(RESET) refers to stm32f4xx_it.o(i.DMA2_Stream7_IRQHandler) for DMA2_Stream7_IRQHandler
    startup_stm32f407xx.o(RESET) refers to referee_usart_task.o(i.USART6_IRQHandler) for USART6_IRQHandler
    startup_stm32f407xx.o(.text) refers (Special) to heapauxi.o(.text) for __use_two_region_memory
    startup_stm32f407xx.o(.text) refers to system_stm32f4xx.o(i.SystemInit) for SystemInit
    startup_stm32f407xx.o(.text) refers to __main.o(!!!main) for __main
    startup_stm32f407xx.o(.text) refers to startup_stm32f407xx.o(HEAP) for Heap_Mem
    startup_stm32f407xx.o(.text) refers to startup_stm32f407xx.o(STACK) for Stack_Mem
    main.o(i.SystemClock_Config) refers to rt_memclr_w.o(.text) for __aeabi_memclr4
    main.o(i.SystemClock_Config) refers to stm32f4xx_hal_rcc.o(i.HAL_RCC_OscConfig) for HAL_RCC_OscConfig
    main.o(i.SystemClock_Config) refers to main.o(i.Error_Handler) for Error_Handler
    main.o(i.SystemClock_Config) refers to stm32f4xx_hal_rcc.o(i.HAL_RCC_ClockConfig) for HAL_RCC_ClockConfig
    main.o(i.SystemClock_Config) refers to stm32f4xx_hal_rcc_ex.o(i.HAL_RCCEx_PeriphCLKConfig) for HAL_RCCEx_PeriphCLKConfig
    main.o(i.main) refers to stm32f4xx_hal.o(i.HAL_Init) for HAL_Init
    main.o(i.main) refers to main.o(i.SystemClock_Config) for SystemClock_Config
    main.o(i.main) refers to gpio.o(i.MX_GPIO_Init) for MX_GPIO_Init
    main.o(i.main) refers to dma.o(i.MX_DMA_Init) for MX_DMA_Init
    main.o(i.main) refers to adc.o(i.MX_ADC1_Init) for MX_ADC1_Init
    main.o(i.main) refers to adc.o(i.MX_ADC3_Init) for MX_ADC3_Init
    main.o(i.main) refers to can.o(i.MX_CAN1_Init) for MX_CAN1_Init
    main.o(i.main) refers to can.o(i.MX_CAN2_Init) for MX_CAN2_Init
    main.o(i.main) refers to i2c.o(i.MX_I2C1_Init) for MX_I2C1_Init
    main.o(i.main) refers to spi.o(i.MX_SPI1_Init) for MX_SPI1_Init
    main.o(i.main) refers to tim.o(i.MX_TIM4_Init) for MX_TIM4_Init
    main.o(i.main) refers to tim.o(i.MX_TIM5_Init) for MX_TIM5_Init
    main.o(i.main) refers to usart.o(i.MX_USART3_UART_Init) for MX_USART3_UART_Init
    main.o(i.main) refers to tim.o(i.MX_TIM8_Init) for MX_TIM8_Init
    main.o(i.main) refers to crc.o(i.MX_CRC_Init) for MX_CRC_Init
    main.o(i.main) refers to rng.o(i.MX_RNG_Init) for MX_RNG_Init
[...]
    0x08004b5e   0x08004b5e   0x00000002   Code   RO         2320    i.HAL_CAN_TxMailbox1CompleteCallback  stm32f4xx_hal_can.o
    0x08004b60   0x08004b60   0x00000002   Code   RO         2321    i.HAL_CAN_TxMailbox2AbortCallback  stm32f4xx_hal_can.o
    0x08004b62   0x08004b62   0x00000002   Code   RO         2322    i.HAL_CAN_TxMailbox2CompleteCallback  stm32f4xx_hal_can.o
    0x08004b64   0x08004b64   0x00000002   Code   RO         2324    i.HAL_CAN_WakeUpFromRxMsgCallback  stm32f4xx_hal_can.o
    0x08004b66   0x08004b66   0x00000024   Code   RO         2527    i.HAL_CRC_Init      stm32f4xx_hal_crc.o
    0x08004b8a   0x08004b8a   0x00000002   PAD
    0x08004b8c   0x08004b8c   0x00000034   Code   RO          466    i.HAL_CRC_MspInit   crc.o
    0x08004bc0   0x08004bc0   0x00000240   Code   RO         5635    i.HAL_DMA_IRQHandler  stm32f4xx_hal_dma.o
    0x08004e00   0x08004e00   0x000000ec   Code   RO         5636    i.HAL_DMA_Init      stm32f4xx_hal_dma.o
    0x08004eec   0x08004eec   0x00000028   Code   RO         6054    i.HAL_Delay         stm32f4xx_hal.o
    0x08004f14   0x08004f14   0x000000ac   Code   RO         5409    i.HAL_FLASHEx_Erase  stm32f4xx_hal_flash_ex.o
    0x08004fc0   0x08004fc0   0x00000014   Code   RO         5288    i.HAL_FLASH_Lock    stm32f4xx_hal_flash.o
    0x08004fd4   0x08004fd4   0x00000098   Code   RO         5293    i.HAL_FLASH_Program  stm32f4xx_hal_flash.o
    0x0800506c   0x0800506c   0x00000034   Code   RO         5295    i.HAL_FLASH_Unlock  stm32f4xx_hal_flash.o
    0x080050a0   0x080050a0   0x000000b8   Code   RO         9599    i.HAL_GPIO_EXTI_Callback  ins_task.o
    0x08005158   0x08005158   0x0000001c   Code   RO         5522    i.HAL_GPIO_EXTI_IRQHandler  stm32f4xx_hal_gpio.o
    0x08005174   0x08005174   0x00000200   Code   RO         5523    i.HAL_GPIO_Init     stm32f4xx_hal_gpio.o
    0x08005374   0x08005374   0x00000010   Code   RO         5525    i.HAL_GPIO_ReadPin  stm32f4xx_hal_gpio.o
    0x08005384   0x08005384   0x0000000c   Code   RO         5527    i.HAL_GPIO_WritePin  stm32f4xx_hal_gpio.o
    0x08005390   0x08005390   0x0000000c   Code   RO         6060    i.HAL_GetTick       stm32f4xx_hal.o
    0x0800539c   0x0800539c   0x000001b8   Code   RO         2594    i.HAL_I2C_Init      stm32f4xx_hal_i2c.o
    0x08005554   0x08005554   0x00000170   Code   RO         2607    i.HAL_I2C_Master_Transmit  stm32f4xx_hal_i2c.o
    0x080056c4   0x080056c4   0x000002f4   Code   RO         2612    i.HAL_I2C_Mem_Read  stm32f4xx_hal_i2c.o
    0x080059b8   0x080059b8   0x00000164   Code   RO         2615    i.HAL_I2C_Mem_Write  stm32f4xx_hal_i2c.o
    0x08005b1c   0x08005b1c   0x00000208   Code   RO          591    i.HAL_I2C_MspInit   i2c.o
    0x08005d24   0x08005d24   0x00000018   Code   RO         6066    i.HAL_IncTick       stm32f4xx_hal.o
    0x08005d3c   0x08005d3c   0x0000003c   Code   RO         6067    i.HAL_Init          stm32f4xx_hal.o
    0x08005d78   0x08005d78   0x0000004c   Code   RO         6068    i.HAL_InitTick      stm32f4xx_hal.o
    0x08005dc4   0x08005dc4   0x00000054   Code   RO         1417    i.HAL_MspInit       stm32f4xx_hal_msp.o
    0x08005e18   0x08005e18   0x00000020   Code   RO         5912    i.HAL_NVIC_EnableIRQ  stm32f4xx_hal_cortex.o
    0x08005e38   0x08005e38   0x0000007c   Code   RO         5918    i.HAL_NVIC_SetPriority  stm32f4xx_hal_cortex.o
    0x08005eb4   0x08005eb4   0x00000028   Code   RO         5919    i.HAL_NVIC_SetPriorityGrouping  stm32f4xx_hal_cortex.o
    0x08005edc   0x08005edc   0x00000002   Code   RO         1667    i.HAL_PCDEx_LPM_Callback  stm32f4xx_hal_pcd_ex.o
    0x08005ede   0x08005ede   0x0000000a   Code   RO         1668    i.HAL_PCDEx_SetRxFiFo  stm32f4xx_hal_pcd_ex.o
    0x08005ee8   0x08005ee8   0x0000004e   Code   RO         1669    i.HAL_PCDEx_SetTxFiFo  stm32f4xx_hal_pcd_ex.o
    0x08005f36   0x08005f36   0x0000000e   Code   RO          956    i.HAL_PCD_ConnectCallback  usbd_conf.o
    0x08005f44   0x08005f44   0x00000020   Code   RO          957    i.HAL_PCD_DataInStageCallback  usbd_conf.o
    0x08005f64   0x08005f64   0x00000020   Code   RO          958    i.HAL_PCD_DataOutStageCallback  usbd_conf.o
    0x08005f84   0x08005f84   0x0000000e   Code   RO          959    i.HAL_PCD_DisconnectCallback  usbd_conf.o
    0x08005f92   0x08005f92   0x0000006a   Code   RO         1450    i.HAL_PCD_EP_Close  stm32f4xx_hal_pcd.o
    0x08005ffc   0x08005ffc   0x0000007c   Code   RO         1451    i.HAL_PCD_EP_ClrStall  stm32f4xx_hal_pcd.o
    0x08006078   0x08006078   0x00000016   Code   RO         1453    i.HAL_PCD_EP_GetRxCount  stm32f4xx_hal_pcd.o
    0x0800608e   0x0800608e   0x0000008c   Code   RO         1454    i.HAL_PCD_EP_Open   stm32f4xx_hal_pcd.o
    0x0800611a   0x0800611a   0x00000058   Code   RO         1455    i.HAL_PCD_EP_Receive  stm32f4xx_hal_pcd.o
    0x08006172   0x08006172   0x0000008a   Code   RO         1456    i.HAL_PCD_EP_SetStall  stm32f4xx_hal_pcd.o
    0x080061fc   0x080061fc   0x0000005a   Code   RO         1457    i.HAL_PCD_EP_Transmit  stm32f4xx_hal_pcd.o
    0x08006256   0x08006256   0x0000053e   Code   RO         1459    i.HAL_PCD_IRQHandler  stm32f4xx_hal_pcd.o
    0x08006794   0x08006794   0x00000012   Code   RO          960    i.HAL_PCD_ISOINIncompleteCallback  usbd_conf.o
    0x080067a6   0x080067a6   0x00000012   Code   RO          961    i.HAL_PCD_ISOOUTIncompleteCallback  usbd_conf.o
    0x080067b8   0x080067b8   0x00000166   Code   RO         1462    i.HAL_PCD_Init      stm32f4xx_hal_pcd.o
    0x0800691e   0x0800691e   0x00000002   PAD
    0x08006920   0x08006920   0x000000a8   Code   RO          963    i.HAL_PCD_MspInit   usbd_conf.o
    0x080069c8   0x080069c8   0x00000030   Code   RO          964    i.HAL_PCD_ResetCallback  usbd_conf.o
    0x080069f8   0x080069f8   0x0000000e   Code   RO          965    i.HAL_PCD_ResumeCallback  usbd_conf.o
    0x08006a06   0x08006a06   0x0000000e   Code   RO          966    i.HAL_PCD_SOFCallback  usbd_conf.o
    0x08006a14   0x08006a14   0x00000036   Code   RO         1468    i.HAL_PCD_SetAddress  stm32f4xx_hal_pcd.o
    0x08006a4a   0x08006a4a   0x00000012   Code   RO          967    i.HAL_PCD_SetupStageCallback  usbd_conf.o
    0x08006a5c   0x08006a5c   0x0000004a   Code   RO         1470    i.HAL_PCD_Start     stm32f4xx_hal_pcd.o
    0x08006aa6   0x08006aa6   0x00000002   PAD
    0x08006aa8   0x08006aa8   0x00000034   Code   RO          968    i.HAL_PCD_SuspendCallback  usbd_conf.o
    0x08006adc   0x08006adc   0x000001a0   Code   RO         5229    i.HAL_RCCEx_PeriphCLKConfig  stm32f4xx_hal_rcc_ex.o
    0x08006c7c   0x08006c7c   0x00000180   Code   RO         5124    i.HAL_RCC_ClockConfig  stm32f4xx_hal_rcc.o
    0x08006dfc   0x08006dfc   0x0000000c   Code   RO         5129    i.HAL_RCC_GetHCLKFreq  stm32f4xx_hal_rcc.o
    0x08006e08   0x08006e08   0x00000020   Code   RO         5131    i.HAL_RCC_GetPCLK1Freq  stm32f4xx_hal_rcc.o
    0x08006e28   0x08006e28   0x00000020   Code   RO         5132    i.HAL_RCC_GetPCLK2Freq  stm32f4xx_hal_rcc.o
    0x08006e48   0x08006e48   0x000000b0   Code   RO         5133    i.HAL_RCC_GetSysClockFreq  stm32f4xx_hal_rcc.o
    0x08006ef8   0x08006ef8   0x00000448   Code   RO         5136    i.HAL_RCC_OscConfig  stm32f4xx_hal_rcc.o
    0x08007340   0x08007340   0x00000034   Code   RO         3072    i.HAL_RNG_Init      stm32f4xx_hal_rng.o
    0x08007374   0x08007374   0x00000034   Code   RO          645    i.HAL_RNG_MspInit   rng.o
    0x080073a8   0x080073a8   0x000000d8   Code   RO         3173    i.HAL_RTC_Init      stm32f4xx_hal_rtc.o
    0x08007480   0x08007480   0x00000018   Code   RO          687    i.HAL_RTC_MspInit   rtc.o
    0x08007498   0x08007498   0x0000003a   Code   RO         3181    i.HAL_RTC_WaitForSynchro  stm32f4xx_hal_rtc.o
    0x080074d2   0x080074d2   0x0000008c   Code   RO         3542    i.HAL_SPI_Init      stm32f4xx_hal_spi.o
    0x0800755e   0x0800755e   0x00000002   PAD
    0x08007560   0x08007560   0x000001cc   Code   RO          729    i.HAL_SPI_MspInit   spi.o
    0x0800772c   0x0800772c   0x0000022a   Code   RO         3551    i.HAL_SPI_TransmitReceive  stm32f4xx_hal_spi.o
    0x08007956   0x08007956   0x00000034   Code   RO         5923    i.HAL_SYSTICK_Config  stm32f4xx_hal_cortex.o
    0x0800798a   0x0800798a   0x00000074   Code   RO         4544    i.HAL_TIMEx_ConfigBreakDeadTime  stm32f4xx_hal_tim_ex.o
    0x080079fe   0x080079fe   0x00000054   Code   RO         4559    i.HAL_TIMEx_MasterConfigSynchronization  stm32f4xx_hal_tim_ex.o
    0x08007a52   0x08007a52   0x00000034   Code   RO         3855    i.HAL_TIM_Base_Init  stm32f4xx_hal_tim.o
    0x08007a86   0x08007a86   0x00000002   PAD
    0x08007a88   0x08007a88   0x0000011c   Code   RO          777    i.HAL_TIM_Base_MspInit  tim.o
    0x08007ba4   0x08007ba4   0x0000002a   Code   RO         3858    i.HAL_TIM_Base_Start  stm32f4xx_hal_tim.o
    0x08007bce   0x08007bce   0x00000108   Code   RO         3864    i.HAL_TIM_ConfigClockSource  stm32f4xx_hal_tim.o
    0x08007cd6   0x08007cd6   0x00000002   PAD
    0x08007cd8   0x08007cd8   0x000002c0   Code   RO          778    i.HAL_TIM_MspPostInit  tim.o
    0x08007f98   0x08007f98   0x00000108   Code   RO         3922    i.HAL_TIM_PWM_ConfigChannel  stm32f4xx_hal_tim.o
    0x080080a0   0x080080a0   0x00000034   Code   RO         3925    i.HAL_TIM_PWM_Init  stm32f4xx_hal_tim.o
    0x080080d4   0x080080d4   0x00000002   Code   RO         3927    i.HAL_TIM_PWM_MspInit  stm32f4xx_hal_tim.o
    0x080080d6   0x080080d6   0x00000002   PAD
    0x080080d8   0x080080d8   0x00000058   Code   RO         3930    i.HAL_TIM_PWM_Start  stm32f4xx_hal_tim.o
    0x08008130   0x08008130   0x00000072   Code   RO         4817    i.HAL_UART_Init     stm32f4xx_hal_uart.o
    0x080081a2   0x080081a2   0x00000002   PAD
    0x080081a4   0x080081a4   0x000002f0   Code   RO          855    i.HAL_UART_MspInit  usart.o
    0x08008494   0x08008494   0x00000004   Code   RO         1304    i.HardFault_Handler  stm32f4xx_it.o
    0x08008498   0x08008498   0x00000020   Code   RO         8643    i.I2C2_DMA_transmit  bsp_i2c.o
    0x080084b8   0x080084b8   0x000000c0   Code   RO         8644    i.I2C2_tx_DMA_enable  bsp_i2c.o
    0x08008578   0x08008578   0x000000c0   Code   RO         8645    i.I2C2_tx_DMA_init  bsp_i2c.o
    0x08008638   0x08008638   0x0000003e   Code   RO         2637    i.I2C_IsAcknowledgeFailed  stm32f4xx_hal_i2c.o
    0x08008676   0x08008676   0x00000002   PAD
    0x08008678   0x08008678   0x000000ac   Code   RO         2641    i.I2C_MasterRequestWrite  stm32f4xx_hal_i2c.o
    0x08008724   0x08008724   0x00000138   Code   RO         2647    i.I2C_RequestMemoryRead  stm32f4xx_hal_i2c.o
    0x0800885c   0x0800885c   0x000000cc   Code   RO         2648    i.I2C_RequestMemoryWrite  stm32f4xx_hal_i2c.o
    0x08008928   0x08008928   0x000000fc   Code   RO         8646    i.I2C_TX_DMA_START  bsp_i2c.o
    0x08008a24   0x08008a24   0x0000005c   Code   RO         2656    i.I2C_WaitOnBTFFlagUntilTimeout  stm32f4xx_hal_i2c.o
    0x08008a80   0x08008a80   0x00000086   Code   RO         2657    i.I2C_WaitOnFlagUntilTimeout  stm32f4xx_hal_i2c.o
    0x08008b06   0x08008b06   0x000000c4   Code   RO         2658    i.I2C_WaitOnMasterAddressFlagUntilTimeout  stm32f4xx_hal_i2c.o
    0x08008bca   0x08008bca   0x00000080   Code   RO         2659    i.I2C_WaitOnRXNEFlagUntilTimeout  stm32f4xx_hal_i2c.o
    0x08008c4a   0x08008c4a   0x0000005c   Code   RO         2661    i.I2C_WaitOnTXEFlagUntilTimeout  stm32f4xx_hal_i2c.o
    0x08008ca6   0x08008ca6   0x00000002   PAD
    0x08008ca8   0x08008ca8   0x0000007c   Code   RO         9600    i.INS_cali_gyro     ins_task.o
    0x08008d24   0x08008d24   0x00000048   Code   RO         9601    i.INS_set_cali_gyro  ins_task.o
    0x08008d6c   0x08008d6c   0x00000304   Code   RO         9602    i.INS_task          ins_task.o
    0x08009070   0x08009070   0x0000003e   Code   RO         1152    i.IntToUnicode      usbd_desc.o
    0x080090ae   0x080090ae   0x00000002   PAD
    0x080090b0   0x080090b0   0x00000070   Code   RO          370    i.MX_ADC1_Init      adc.o
    0x08009120   0x08009120   0x00000070   Code   RO          371    i.MX_ADC3_Init      adc.o
    0x08009190   0x08009190   0x00000044   Code   RO          418    i.MX_CAN1_Init      can.o
    0x080091d4   0x080091d4   0x00000044   Code   RO          419    i.MX_CAN2_Init      can.o
    0x08009218   0x08009218   0x00000020   Code   RO          467    i.MX_CRC_Init       crc.o
    0x08009238   0x08009238   0x000000b8   Code   RO          507    i.MX_DMA_Init       dma.o
    0x080092f0   0x080092f0   0x0000015c   Code   RO          531    i.MX_FREERTOS_Init  freertos.o
    0x0800944c   0x0800944c   0x00000254   Code   RO          344    i.MX_GPIO_Init      gpio.o
    0x080096a0   0x080096a0   0x0000003c   Code   RO          592    i.MX_I2C1_Init      i2c.o
    0x080096dc   0x080096dc   0x0000003c   Code   RO          593    i.MX_I2C2_Init      i2c.o
    0x08009718   0x08009718   0x0000003c   Code   RO          594    i.MX_I2C3_Init      i2c.o
    0x08009754   0x08009754   0x00000020   Code   RO          646    i.MX_RNG_Init       rng.o
    0x08009774   0x08009774   0x00000034   Code   RO          688    i.MX_RTC_Init       rtc.o
    0x080097a8   0x080097a8   0x00000048   Code   RO          730    i.MX_SPI1_Init      spi.o
    0x080097f0   0x080097f0   0x00000048   Code   RO          731    i.MX_SPI2_Init      spi.o
    0x08009838   0x08009838   0x0000006c   Code   RO          779    i.MX_TIM10_Init     tim.o
    0x080098a4   0x080098a4   0x0000010c   Code   RO          780    i.MX_TIM1_Init      tim.o
    0x080099b0   0x080099b0   0x000000a4   Code   RO          781    i.MX_TIM3_Init      tim.o
    0x08009a54   0x08009a54   0x000000a4   Code   RO          782    i.MX_TIM4_Init      tim.o
    0x08009af8   0x08009af8   0x000000c4   Code   RO          783    i.MX_TIM5_Init      tim.o
    0x08009bbc   0x08009bbc   0x000000ec   Code   RO          784    i.MX_TIM8_Init      tim.o
    0x08009ca8   0x08009ca8   0x00000038   Code   RO          856    i.MX_USART1_UART_Init  usart.o
    0x08009ce0   0x08009ce0   0x0000003c   Code   RO          857    i.MX_USART3_UART_Init  usart.o
    0x08009d1c   0x08009d1c   0x00000038   Code   RO          858    i.MX_USART6_UART_Init  usart.o
    0x08009d54   0x08009d54   0x0000004c   Code   RO          908    i.MX_USB_DEVICE_Init  usb_device.o
    0x08009da0   0x08009da0   0x00000004   Code   RO         1305    i.MemManage_Handler  stm32f4xx_it.o
    0x08009da4   0x08009da4   0x00000002   Code   RO         1306    i.NMI_Handler       stm32f4xx_it.o
    0x08009da6   0x08009da6   0x00000002   PAD
    0x08009da8   0x08009da8   0x0000001c   Code   RO        10188    i.OLED_LOGO         oled.o
    0x08009dc4   0x08009dc4   0x00000010   Code   RO        10189    i.OLED_check_ack    oled.o
    0x08009dd4   0x08009dd4   0x0000002c   Code   RO        10190    i.OLED_com_reset    oled.o
    0x08009e00   0x08009e00   0x00000088   Code   RO        10194    i.OLED_draw_point   oled.o
    0x08009e88   0x08009e88   0x000000f8   Code   RO        10195    i.OLED_init         oled.o
    0x08009f80   0x08009f80   0x00000054   Code   RO        10196    i.OLED_operate_gram  oled.o
    0x08009fd4   0x08009fd4   0x00000040   Code   RO        10197    i.OLED_printf       oled.o
    0x0800a014   0x0800a014   0x00000020   Code   RO        10198    i.OLED_refresh_gram  oled.o
    0x0800a034   0x0800a034   0x00000040   Code   RO        10199    i.OLED_set_pos      oled.o
    0x0800a074   0x0800a074   0x0000008c   Code   RO        10200    i.OLED_show_char    oled.o
    0x0800a100   0x0800a100   0x0000008a   Code   RO        10201    i.OLED_show_graphic  oled.o
    0x0800a18a   0x0800a18a   0x00000032   Code   RO        10202    i.OLED_show_string  oled.o
    0x0800a1bc   0x0800a1bc   0x00000010   Code   RO         1307    i.OTG_FS_IRQHandler  stm32f4xx_it.o
    0x0800a1cc   0x0800a1cc   0x0000008c   Code   RO         1473    i.PCD_EP_OutSetupPacket_int  stm32f4xx_hal_pcd.o
    0x0800a258   0x0800a258   0x00000180   Code   RO         1474    i.PCD_EP_OutXfrComplete_int  stm32f4xx_hal_pcd.o
    0x0800a3d8   0x0800a3d8   0x000000b6   Code   RO         1475    i.PCD_WriteEmptyTxFifo  stm32f4xx_hal_pcd.o
    0x0800a48e   0x0800a48e   0x00000002   PAD
    0x0800a490   0x0800a490   0x000001f0   Code   RO        11236    i.PID_calc          pid.o
    0x0800a680   0x0800a680   0x0000004c   Code   RO        11237    i.PID_clear         pid.o
    0x0800a6cc   0x0800a6cc   0x00000060   Code   RO        11238    i.PID_init          pid.o
    0x0800a72c   0x0800a72c   0x0000009c   Code   RO         8775    i.RC_Init           bsp_rc.o
    0x0800a7c8   0x0800a7c8   0x00000374   Code   RO         8949    i.RC_cmd_to_calibrate  calibrate_task.o
    0x0800ab3c   0x0800ab3c   0x00000050   Code   RO         8776    i.RC_restart        bsp_rc.o
    0x0800ab8c   0x0800ab8c   0x00000018   Code   RO         8777    i.RC_unable         bsp_rc.o
    0x0800aba4   0x0800aba4   0x0000003e   Code   RO         3184    i.RTC_EnterInitMode  stm32f4xx_hal_rtc.o
    0x0800abe2   0x0800abe2   0x00000002   PAD
    0x0800abe4   0x0800abe4   0x0000273c   Code   RO         8847    i.SPI1_DMA_enable   bsp_spi.o
    0x0800d320   0x0800d320   0x00000180   Code   RO         8848    i.SPI1_DMA_init     bsp_spi.o
    0x0800d4a0   0x0800d4a0   0x0000006c   Code   RO         3580    i.SPI_EndRxTxTransaction  stm32f4xx_hal_spi.o
    0x0800d50c   0x0800d50c   0x000000a8   Code   RO         3585    i.SPI_WaitFlagStateUntilTimeout  stm32f4xx_hal_spi.o
    0x0800d5b4   0x0800d5b4   0x0000000c   Code   RO         1308    i.SysTick_Handler   stm32f4xx_it.o
    0x0800d5c0   0x0800d5c0   0x000000d4   Code   RO           14    i.SystemClock_Config  main.o
    0x0800d694   0x0800d694   0x00000064   Code   RO         6303    i.SystemInit        system_stm32f4xx.o
    0x0800d6f8   0x0800d6f8   0x000000d8   Code   RO         3943    i.TIM_Base_SetConfig  stm32f4xx_hal_tim.o
    0x0800d7d0   0x0800d7d0   0x00000022   Code   RO         3944    i.TIM_CCxChannelCmd  stm32f4xx_hal_tim.o
    0x0800d7f2   0x0800d7f2   0x00000016   Code   RO         3954    i.TIM_ETR_SetConfig  stm32f4xx_hal_tim.o
    0x0800d808   0x0800d808   0x00000012   Code   RO         3955    i.TIM_ITRx_SetConfig  stm32f4xx_hal_tim.o
    0x0800d81a   0x0800d81a   0x00000002   PAD
    0x0800d81c   0x0800d81c   0x00000070   Code   RO         3956    i.TIM_OC1_SetConfig  stm32f4xx_hal_tim.o
    0x0800d88c   0x0800d88c   0x0000007c   Code   RO         3957    i.TIM_OC2_SetConfig  stm32f4xx_hal_tim.o
    0x0800d908   0x0800d908   0x00000078   Code   RO         3958    i.TIM_OC3_SetConfig  stm32f4xx_hal_tim.o
    0x0800d980   0x0800d980   0x00000054   Code   RO         3959    i.TIM_OC4_SetConfig  stm32f4xx_hal_tim.o
    0x0800d9d4   0x0800d9d4   0x00000026   Code   RO         3961    i.TIM_TI1_ConfigInputStage  stm32f4xx_hal_tim.o
    0x0800d9fa   0x0800d9fa   0x00000028   Code   RO         3963    i.TIM_TI2_ConfigInputStage  stm32f4xx_hal_tim.o
    0x0800da22   0x0800da22   0x00000002   PAD
    0x0800da24   0x0800da24   0x00000368   Code   RO         4844    i.UART_SetConfig    stm32f4xx_hal_uart.o
    0x0800dd8c   0x0800dd8c   0x00000140   Code   RO         9879    i.USART3_IRQHandler  remote_control.o
    0x0800decc   0x0800decc   0x00000128   Code   RO         9834    i.USART6_IRQHandler  referee_usart_task.o
    0x0800dff4   0x0800dff4   0x0000007c   Code   RO         8127    i.USBD_CDC_DataIn   usbd_cdc.o
    0x0800e070   0x0800e070   0x00000034   Code   RO         8128    i.USBD_CDC_DataOut  usbd_cdc.o
    0x0800e0a4   0x0800e0a4   0x0000004e   Code   RO         8129    i.USBD_CDC_DeInit   usbd_cdc.o
    0x0800e0f2   0x0800e0f2   0x00000032   Code   RO         8130    i.USBD_CDC_EP0_RxReady  usbd_cdc.o
    0x0800e124   0x0800e124   0x00000010   Code   RO         8131    i.USBD_CDC_GetDeviceQualifierDescriptor  usbd_cdc.o
    0x0800e134   0x0800e134   0x00000010   Code   RO         8132    i.USBD_CDC_GetFSCfgDesc  usbd_cdc.o
    0x0800e144   0x0800e144   0x00000010   Code   RO         8133    i.USBD_CDC_GetHSCfgDesc  usbd_cdc.o
    0x0800e154   0x0800e154   0x00000010   Code   RO         8134    i.USBD_CDC_GetOtherSpeedCfgDesc  usbd_cdc.o
    0x0800e164   0x0800e164   0x000000b8   Code   RO         8135    i.USBD_CDC_Init     usbd_cdc.o
    0x0800e21c   0x0800e21c   0x0000003a   Code   RO         8136    i.USBD_CDC_ReceivePacket  usbd_cdc.o
    0x0800e256   0x0800e256   0x0000000e   Code   RO         8137    i.USBD_CDC_RegisterInterface  usbd_cdc.o
    0x0800e264   0x0800e264   0x0000000e   Code   RO         8138    i.USBD_CDC_SetRxBuffer  usbd_cdc.o
    0x0800e272   0x0800e272   0x00000014   Code   RO         8139    i.USBD_CDC_SetTxBuffer  usbd_cdc.o
    0x0800e286   0x0800e286   0x000000f4   Code   RO         8140    i.USBD_CDC_Setup    usbd_cdc.o
    0x0800e37a   0x0800e37a   0x0000003e   Code   RO         8141    i.USBD_CDC_TransmitPacket  usbd_cdc.o
    0x0800e3b8   0x0800e3b8   0x00000016   Code   RO         7834    i.USBD_ClrClassConfig  usbd_core.o
    0x0800e3ce   0x0800e3ce   0x0000003e   Code   RO         7972    i.USBD_ClrFeature   usbd_ctlreq.o
    0x0800e40c   0x0800e40c   0x00000018   Code   RO         8067    i.USBD_CtlContinueRx  usbd_ioreq.o
    0x0800e424   0x0800e424   0x00000018   Code   RO         8068    i.USBD_CtlContinueSendData  usbd_ioreq.o
    0x0800e43c   0x0800e43c   0x00000018   Code   RO         7973    i.USBD_CtlError     usbd_ctlreq.o
    0x0800e454   0x0800e454   0x00000028   Code   RO         8069    i.USBD_CtlPrepareRx  usbd_ioreq.o
    0x0800e47c   0x0800e47c   0x0000001a   Code   RO         8070    i.USBD_CtlReceiveStatus  usbd_ioreq.o
    0x0800e496   0x0800e496   0x00000022   Code   RO         8071    i.USBD_CtlSendData  usbd_ioreq.o
    0x0800e4b8   0x0800e4b8   0x0000001a   Code   RO         8072    i.USBD_CtlSendStatus  usbd_ioreq.o
    0x0800e4d2   0x0800e4d2   0x00000002   PAD
    0x0800e4d4   0x0800e4d4   0x00000034   Code   RO         1153    i.USBD_FS_ConfigStrDescriptor  usbd_desc.o
    0x0800e508   0x0800e508   0x00000010   Code   RO         1154    i.USBD_FS_DeviceDescriptor  usbd_desc.o
    0x0800e518   0x0800e518   0x00000038   Code   RO         1155    i.USBD_FS_InterfaceStrDescriptor  usbd_desc.o
    0x0800e550   0x0800e550   0x00000010   Code   RO         1156    i.USBD_FS_LangIDStrDescriptor  usbd_desc.o
    0x0800e560   0x0800e560   0x0000002c   Code   RO         1157    i.USBD_FS_ManufacturerStrDescriptor  usbd_desc.o
    0x0800e58c   0x0800e58c   0x00000040   Code   RO         1158    i.USBD_FS_ProductStrDescriptor  usbd_desc.o
    0x0800e5cc   0x0800e5cc   0x00000018   Code   RO         1159    i.USBD_FS_SerialStrDescriptor  usbd_desc.o
    0x0800e5e4   0x0800e5e4   0x00000056   Code   RO         7974    i.USBD_GetConfig    usbd_ctlreq.o
    0x0800e63a   0x0800e63a   0x00000152   Code   RO         7975    i.USBD_GetDescriptor  usbd_ctlreq.o
    0x0800e78c   0x0800e78c   0x00000014   Code   RO         7976    i.USBD_GetLen       usbd_ctlreq.o
    0x0800e7a0   0x0800e7a0   0x0000005a   Code   RO         7977    i.USBD_GetStatus    usbd_ctlreq.o
    0x0800e7fa   0x0800e7fa   0x00000052   Code   RO         7978    i.USBD_GetString    usbd_ctlreq.o
    0x0800e84c   0x0800e84c   0x0000002c   Code   RO          969    i.USBD_Get_USB_Status  usbd_conf.o
    0x0800e878   0x0800e878   0x00000032   Code   RO         7836    i.USBD_Init         usbd_core.o
    0x0800e8aa   0x0800e8aa   0x00000026   Code   RO          970    i.USBD_LL_ClearStallEP  usbd_conf.o
    0x0800e8d0   0x0800e8d0   0x00000026   Code   RO          971    i.USBD_LL_CloseEP   usbd_conf.o
    0x0800e8f6   0x0800e8f6   0x00000100   Code   RO         7837    i.USBD_LL_DataInStage  usbd_core.o
    0x0800e9f6   0x0800e9f6   0x000000a6   Code   RO         7838    i.USBD_LL_DataOutStage  usbd_core.o
    0x0800ea9c   0x0800ea9c   0x00000006   Code   RO         7839    i.USBD_LL_DevConnected  usbd_core.o
    0x0800eaa2   0x0800eaa2   0x0000001a   Code   RO         7840    i.USBD_LL_DevDisconnected  usbd_core.o
    0x0800eabc   0x0800eabc   0x00000012   Code   RO          975    i.USBD_LL_GetRxDataSize  usbd_conf.o
    0x0800eace   0x0800eace   0x00000002   PAD
    0x0800ead0   0x0800ead0   0x00000068   Code   RO          976    i.USBD_LL_Init      usbd_conf.o
    0x0800eb38   0x0800eb38   0x00000038   Code   RO          977    i.USBD_LL_IsStallEP  usbd_conf.o
    0x0800eb70   0x0800eb70   0x00000006   Code   RO         7841    i.USBD_LL_IsoINIncomplete  usbd_core.o
    0x0800eb76   0x0800eb76   0x00000006   Code   RO         7842    i.USBD_LL_IsoOUTIncomplete  usbd_core.o
    0x0800eb7c   0x0800eb7c   0x00000030   Code   RO          978    i.USBD_LL_OpenEP    usbd_conf.o
    0x0800ebac   0x0800ebac   0x00000030   Code   RO          979    i.USBD_LL_PrepareReceive  usbd_conf.o
    0x0800ebdc   0x0800ebdc   0x0000005c   Code   RO         7843    i.USBD_LL_Reset     usbd_core.o
    0x0800ec38   0x0800ec38   0x0000000e   Code   RO         7844    i.USBD_LL_Resume    usbd_core.o
    0x0800ec46   0x0800ec46   0x00000022   Code   RO         7845    i.USBD_LL_SOF       usbd_core.o
    0x0800ec68   0x0800ec68   0x00000008   Code   RO         7846    i.USBD_LL_SetSpeed  usbd_core.o
    0x0800ec70   0x0800ec70   0x00000026   Code   RO          980    i.USBD_LL_SetUSBAddress  usbd_conf.o
    0x0800ec96   0x0800ec96   0x0000006e   Code   RO         7847    i.USBD_LL_SetupStage  usbd_core.o
    0x0800ed04   0x0800ed04   0x00000026   Code   RO          981    i.USBD_LL_StallEP   usbd_conf.o
    0x0800ed2a   0x0800ed2a   0x0000001e   Code   RO          982    i.USBD_LL_Start     usbd_conf.o
    0x0800ed48   0x0800ed48   0x00000014   Code   RO         7848    i.USBD_LL_Suspend   usbd_core.o
    0x0800ed5c   0x0800ed5c   0x00000030   Code   RO          984    i.USBD_LL_Transmit  usbd_conf.o
    0x0800ed8c   0x0800ed8c   0x00000028   Code   RO         7979    i.USBD_ParseSetupRequest  usbd_ctlreq.o
    0x0800edb4   0x0800edb4   0x00000010   Code   RO         7849    i.USBD_RegisterClass  usbd_core.o
    0x0800edc4   0x0800edc4   0x00000006   Code   RO         7850    i.USBD_RunTestMode  usbd_core.o
    0x0800edca   0x0800edca   0x0000005a   Code   RO         7980    i.USBD_SetAddress   usbd_ctlreq.o
    0x0800ee24   0x0800ee24   0x00000022   Code   RO         7851    i.USBD_SetClassConfig  usbd_core.o
    0x0800ee46   0x0800ee46   0x00000002   PAD
    0x0800ee48   0x0800ee48   0x000000e8   Code   RO         7981    i.USBD_SetConfig    usbd_ctlreq.o
    0x0800ef30   0x0800ef30   0x00000018   Code   RO         7982    i.USBD_SetFeature   usbd_ctlreq.o
    0x0800ef48   0x0800ef48   0x0000000e   Code   RO         7852    i.USBD_Start        usbd_core.o
    0x0800ef56   0x0800ef56   0x000000a2   Code   RO         7983    i.USBD_StdDevReq    usbd_ctlreq.o
    0x0800eff8   0x0800eff8   0x00000238   Code   RO         7984    i.USBD_StdEPReq     usbd_ctlreq.o
    0x0800f230   0x0800f230   0x0000007e   Code   RO         7985    i.USBD_StdItfReq    usbd_ctlreq.o
    0x0800f2ae   0x0800f2ae   0x00000002   PAD
    0x0800f2b0   0x0800f2b0   0x000000d0   Code   RO         1709    i.USB_ActivateEndpoint  stm32f4xx_ll_usb.o
    0x0800f380   0x0800f380   0x00000046   Code   RO         1711    i.USB_ActivateSetup  stm32f4xx_ll_usb.o
    0x0800f3c6   0x0800f3c6   0x00000002   PAD
    0x0800f3c8   0x0800f3c8   0x00000084   Code   RO         1713    i.USB_CoreInit      stm32f4xx_ll_usb.o
    0x0800f44c   0x0800f44c   0x0000004c   Code   RO         1714    i.USB_CoreReset     stm32f4xx_ll_usb.o
    0x0800f498   0x0800f498   0x000000c4   Code   RO         1717    i.USB_DeactivateEndpoint  stm32f4xx_ll_usb.o
    0x0800f55c   0x0800f55c   0x00000020   Code   RO         1718    i.USB_DevConnect    stm32f4xx_ll_usb.o
    0x0800f57c   0x0800f57c   0x00000020   Code   RO         1719    i.USB_DevDisconnect  stm32f4xx_ll_usb.o
    0x0800f59c   0x0800f59c   0x000001f4   Code   RO         1720    i.USB_DevInit       stm32f4xx_ll_usb.o
    0x0800f790   0x0800f790   0x0000000e   Code   RO         1721    i.USB_DisableGlobalInt  stm32f4xx_ll_usb.o
    0x0800f79e   0x0800f79e   0x00000002   PAD
    0x0800f7a0   0x0800f7a0   0x000001d8   Code   RO         1724    i.USB_EP0StartXfer  stm32f4xx_ll_usb.o
    0x0800f978   0x0800f978   0x00000070   Code   RO         1725    i.USB_EP0_OutStart  stm32f4xx_ll_usb.o
    0x0800f9e8   0x0800f9e8   0x0000008e   Code   RO         1726    i.USB_EPClearStall  stm32f4xx_ll_usb.o
    0x0800fa76   0x0800fa76   0x0000009a   Code   RO         1727    i.USB_EPSetStall    stm32f4xx_ll_usb.o
    0x0800fb10   0x0800fb10   0x00000344   Code   RO         1728    i.USB_EPStartXfer   stm32f4xx_ll_usb.o
    0x0800fe54   0x0800fe54   0x0000000e   Code   RO         1729    i.USB_EnableGlobalInt  stm32f4xx_ll_usb.o
    0x0800fe62   0x0800fe62   0x00000002   PAD
    0x0800fe64   0x0800fe64   0x0000002c   Code   RO         1730    i.USB_FlushRxFifo   stm32f4xx_ll_usb.o
    0x0800fe90   0x0800fe90   0x00000030   Code   RO         1731    i.USB_FlushTxFifo   stm32f4xx_ll_usb.o
    0x0800fec0   0x0800fec0   0x00000026   Code   RO         1733    i.USB_GetDevSpeed   stm32f4xx_ll_usb.o
    0x0800fee6   0x0800fee6   0x0000000a   Code   RO         1735    i.USB_GetMode       stm32f4xx_ll_usb.o
    0x0800fef0   0x0800fef0   0x00000014   Code   RO         1742    i.USB_ReadDevAllInEpInterrupt  stm32f4xx_ll_usb.o
    0x0800ff04   0x0800ff04   0x00000014   Code   RO         1743    i.USB_ReadDevAllOutEpInterrupt  stm32f4xx_ll_usb.o
    0x0800ff18   0x0800ff18   0x00000032   Code   RO         1744    i.USB_ReadDevInEPInterrupt  stm32f4xx_ll_usb.o
    0x0800ff4a   0x0800ff4a   0x0000001a   Code   RO         1745    i.USB_ReadDevOutEPInterrupt  stm32f4xx_ll_usb.o
    0x0800ff64   0x0800ff64   0x0000000a   Code   RO         1746    i.USB_ReadInterrupts  stm32f4xx_ll_usb.o
    0x0800ff6e   0x0800ff6e   0x00000022   Code   RO         1747    i.USB_ReadPacket    stm32f4xx_ll_usb.o
    0x0800ff90   0x0800ff90   0x00000036   Code   RO         1749    i.USB_SetCurrentMode  stm32f4xx_ll_usb.o
    0x0800ffc6   0x0800ffc6   0x0000002a   Code   RO         1750    i.USB_SetDevAddress  stm32f4xx_ll_usb.o
    0x0800fff0   0x0800fff0   0x00000012   Code   RO         1751    i.USB_SetDevSpeed   stm32f4xx_ll_usb.o
    0x08010002   0x08010002   0x00000002   PAD
    0x08010004   0x08010004   0x000000e8   Code   RO         1752    i.USB_SetTurnaroundTime  stm32f4xx_ll_usb.o
    0x080100ec   0x080100ec   0x0000003c   Code   RO         1755    i.USB_WritePacket   stm32f4xx_ll_usb.o
    0x08010128   0x08010128   0x00000004   Code   RO         1309    i.UsageFault_Handler  stm32f4xx_it.o
    0x0801012c   0x0801012c   0x00000030   Code   RO        12043    i.__ARM_fpclassify  m_wm.l(fpclassify.o)
    0x0801015c   0x0801015c   0x00000026   Code   RO        11886    i.__ARM_fpclassifyf  m_wm.l(fpclassifyf.o)
    0x08010182   0x08010182   0x00000002   PAD
    0x08010184   0x08010184   0x00000010   Code   RO         5925    i.__NVIC_GetPriorityGrouping  stm32f4xx_hal_cortex.o
    0x08010194   0x08010194   0x00000028   Code   RO         5926    i.__NVIC_SetPriority  stm32f4xx_hal_cortex.o
    0x080101bc   0x080101bc   0x00000006   Code   RO        10957    i.__get_PRIMASK     fifo.o
    0x080101c2   0x080101c2   0x00000002   PAD
    0x080101c4   0x080101c4   0x0000012c   Code   RO        11627    i.__hardfp_asinf    m_wm.l(asinf.o)
    0x080102f0   0x080102f0   0x000002ac   Code   RO        11639    i.__hardfp_atan2f   m_wm.l(atan2f.o)
    0x0801059c   0x0801059c   0x00000014   Code   RO        11651    i.__hardfp_fabs     m_wm.l(fabs.o)
    0x080105b0   0x080105b0   0x0000003a   Code   RO        11669    i.__hardfp_sqrtf    m_wm.l(sqrtf_full.o)
    0x080105ea   0x080105ea   0x00000006   Code   RO        11889    i.__mathlib_flt_infnan  m_wm.l(funder.o)
    0x080105f0   0x080105f0   0x00000006   Code   RO        11890    i.__mathlib_flt_infnan2  m_wm.l(funder.o)
    0x080105f6   0x080105f6   0x00000002   PAD
    0x080105f8   0x080105f8   0x00000010   Code   RO        11891    i.__mathlib_flt_invalid  m_wm.l(funder.o)
    0x08010608   0x08010608   0x00000010   Code   RO        11894    i.__mathlib_flt_underflow  m_wm.l(funder.o)
    0x08010618   0x08010618   0x00000006   Code   RO        10958    i.__set_PRIMASK     fifo.o
    0x0801061e   0x0801061e   0x0000000e   Code   RO        11773    i._is_digit         c_w.l(__printf_wp.o)
    0x0801062c   0x0801062c   0x00000068   Code   RO         8746    i.aRGB_led_show     bsp_led.o
    0x08010694   0x08010694   0x00000030   Code   RO        10800    i.abs_limit         user_lib.o
    0x080106c4   0x080106c4   0x000001d0   Code   RO        11272    i.accel_comple_filter  AHRS.lib(ahrs.o)
    0x08010894   0x08010894   0x0000018c   Code   RO        11273    i.accel_update_kp_ki  AHRS.lib(ahrs.o)
    0x08010a20   0x08010a20   0x0000003c   Code   RO         8232    i.adcx_get_chx_value  bsp_adc.o
    0x08010a5c   0x08010a5c   0x0000016c   Code   RO        11274    i.angle_to_quat     AHRS.lib(ahrs.o)
    0x08010bc8   0x08010bc8   0x00000044   Code   RO        10095    i.battery_voltage_task  voltage_task.o
    0x08010c0c   0x08010c0c   0x00000134   Code   RO        10323    i.bmi088_accel_init  bmi088driver.o
    0x08010d40   0x08010d40   0x000002fc   Code   RO        10324    i.bmi088_accel_self_test  bmi088driver.o
    0x0801103c   0x0801103c   0x000000f4   Code   RO        10325    i.bmi088_gyro_init  bmi088driver.o
    0x08011130   0x08011130   0x000000d0   Code   RO        10326    i.bmi088_gyro_self_test  bmi088driver.o
    0x08011200   0x08011200   0x0000013c   Code   RO         8647    i.bsp_I2C_check_ack  bsp_i2c.o
    0x0801133c   0x0801133c   0x0000004c   Code   RO         8648    i.bsp_I2C_master_transmit  bsp_i2c.o
    0x08011388   0x08011388   0x0000004c   Code   RO         8649    i.bsp_I2C_reset     bsp_i2c.o
    0x080113d4   0x080113d4   0x00000010   Code   RO         8379    i.buzzer_off        bsp_buzzer.o
    0x080113e4   0x080113e4   0x00000014   Code   RO         8380    i.buzzer_on         bsp_buzzer.o
    0x080113f8   0x080113f8   0x0000007c   Code   RO        10007    i.buzzer_warn_error  test_task.o
    0x08011474   0x08011474   0x000000e8   Code   RO        10096    i.calc_battery_percentage  voltage_task.o
    0x0801155c   0x0801155c   0x00000194   Code   RO         9462    i.calc_gimbal_cali  gimbal_task.o
    0x080116f0   0x080116f0   0x000000ec   Code   RO         8950    i.cali_data_read    calibrate_task.o
    0x080117dc   0x080117dc   0x0000008c   Code   RO         8951    i.cali_data_write   calibrate_task.o
    0x08011868   0x08011868   0x0000006c   Code   RO         8952    i.cali_gimbal_hook  calibrate_task.o
    0x080118d4   0x080118d4   0x00000064   Code   RO         8953    i.cali_gyro_hook    calibrate_task.o
    0x08011938   0x08011938   0x00000046   Code   RO         8954    i.cali_head_hook    calibrate_task.o
    0x0801197e   0x0801197e   0x00000002   PAD
    0x08011980   0x08011980   0x000000b8   Code   RO         8955    i.cali_param_init   calibrate_task.o
    0x08011a38   0x08011a38   0x00000148   Code   RO         8956    i.calibrate_task    calibrate_task.o
    0x08011b80   0x08011b80   0x0000005c   Code   RO         8413    i.can_filter_init   bsp_can.o
    0x08011bdc   0x08011bdc   0x000000a0   Code   RO         9149    i.chassis_behaviour_control_set  chassis_behaviour.o
    0x08011c7c   0x08011c7c   0x0000009c   Code   RO         9150    i.chassis_behaviour_mode_set  chassis_behaviour.o
    0x08011d18   0x08011d18   0x000001cc   Code   RO         9270    i.chassis_control_loop  chassis_task.o
    0x08011ee4   0x08011ee4   0x00000060   Code   RO         9151    i.chassis_engineer_follow_chassis_yaw_control  chassis_behaviour.o
    0x08011f44   0x08011f44   0x00000164   Code   RO         9271    i.chassis_feedback_update  chassis_task.o
    0x080120a8   0x080120a8   0x0000011c   Code   RO         9152    i.chassis_infantry_follow_gimbal_yaw_control  chassis_behaviour.o
    0x080121c4   0x080121c4   0x000000d8   Code   RO         9272    i.chassis_init      chassis_task.o
    0x0801229c   0x0801229c   0x00000058   Code   RO         9273    i.chassis_mode_change_control_transit  chassis_task.o
    0x080122f4   0x080122f4   0x00000044   Code   RO         9153    i.chassis_no_follow_yaw_control  chassis_behaviour.o
    0x08012338   0x08012338   0x0000002c   Code   RO         9154    i.chassis_no_move_control  chassis_behaviour.o
    0x08012364   0x08012364   0x0000005c   Code   RO         9155    i.chassis_open_set_control  chassis_behaviour.o
    0x080123c0   0x080123c0   0x000001d0   Code   RO         9237    i.chassis_power_control  chassis_power_control.o
    0x08012590   0x08012590   0x0000015c   Code   RO         9274    i.chassis_rc_to_control_vector  chassis_task.o
    0x080126ec   0x080126ec   0x00000238   Code   RO         9275    i.chassis_set_contorl  chassis_task.o
    0x08012924   0x08012924   0x00000012   Code   RO         9276    i.chassis_set_mode  chassis_task.o
    0x08012936   0x08012936   0x00000002   PAD
    0x08012938   0x08012938   0x000000cc   Code   RO         9277    i.chassis_task      chassis_task.o
    0x08012a04   0x08012a04   0x00000054   Code   RO         9278    i.chassis_vector_to_mecanum_wheel_speed  chassis_task.o
    0x08012a58   0x08012a58   0x0000002c   Code   RO         9156    i.chassis_zero_force_control  chassis_behaviour.o
    0x08012a84   0x08012a84   0x00000118   Code   RO         9463    i.cmd_cali_gimbal_hook  gimbal_task.o
    0x08012b9c   0x08012b9c   0x00000030   Code   RO         8479    i.delay_init        bsp_delay.o
    0x08012bcc   0x08012bcc   0x00000050   Code   RO         8481    i.delay_us          bsp_delay.o
    0x08012c1c   0x08012c1c   0x00000124   Code   RO         9337    i.detect_hook       detect_task.o
    0x08012d40   0x08012d40   0x00000184   Code   RO         9338    i.detect_init       detect_task.o
    0x08012ec4   0x08012ec4   0x00000288   Code   RO         9339    i.detect_task       detect_task.o
    0x0801314c   0x0801314c   0x0000003a   Code   RO        10976    i.fifo_s_get        fifo.o
    0x08013186   0x08013186   0x00000016   Code   RO        10979    i.fifo_s_init       fifo.o
    0x0801319c   0x0801319c   0x000000a0   Code   RO        10985    i.fifo_s_puts       fifo.o
    0x0801323c   0x0801323c   0x00000006   Code   RO        10987    i.fifo_s_used       fifo.o
    0x08013242   0x08013242   0x00000054   Code   RO        10801    i.first_order_filter_cali  user_lib.o
    0x08013296   0x08013296   0x00000002   PAD
    0x08013298   0x08013298   0x00000024   Code   RO        10802    i.first_order_filter_init  user_lib.o
    0x080132bc   0x080132bc   0x0000002e   Code   RO         8517    i.flash_erase_address  bsp_flash.o
    0x080132ea   0x080132ea   0x00000014   Code   RO         8518    i.flash_read        bsp_flash.o
    0x080132fe   0x080132fe   0x00000002   PAD
    0x08013300   0x08013300   0x00000098   Code   RO         8520    i.flash_write_single_address  bsp_flash.o
    0x08013398   0x08013398   0x0000002a   Code   RO        10803    i.fp32_constrain    user_lib.o
    0x080133c2   0x080133c2   0x00000002   PAD
    0x080133c4   0x080133c4   0x0000000c   Code   RO         8574    i.fric1_on          bsp_fric.o
    0x080133d0   0x080133d0   0x0000000c   Code   RO         8575    i.fric2_on          bsp_fric.o
    0x080133dc   0x080133dc   0x000000f4   Code   RO         8521    i.ger_sector        bsp_flash.o
    0x080134d0   0x080134d0   0x00000034   Code   RO        10898    i.get_CRC16_check_sum  crc8_crc16.o
    0x08013504   0x08013504   0x00000024   Code   RO        10899    i.get_CRC8_check_sum  crc8_crc16.o
    0x08013528   0x08013528   0x00000008   Code   RO         9603    i.get_INS_angle_point  ins_task.o
    0x08013530   0x08013530   0x000000e8   Code   RO        11275    i.get_angle         AHRS.lib(ahrs.o)
    0x08013618   0x08013618   0x00000024   Code   RO        10097    i.get_battery_percentage  voltage_task.o
    0x0801363c   0x0801363c   0x00000048   Code   RO         8233    i.get_battery_voltage  bsp_adc.o
    0x08013684   0x08013684   0x00000018   Code   RO         9064    i.get_chassis_motor_measure_point  can_receive.o
    0x0801369c   0x0801369c   0x0000001c   Code   RO         9767    i.get_chassis_power_and_buffer  referee.o
    0x080136b8   0x080136b8   0x0000000c   Code   RO         8957    i.get_control_temperature  calibrate_task.o
    0x080136c4   0x080136c4   0x00000008   Code   RO         9340    i.get_error_list_point  detect_task.o
    0x080136cc   0x080136cc   0x00000008   Code   RO         9606    i.get_gyro_data_point  ins_task.o
    0x080136d4   0x080136d4   0x000000e8   Code   RO         8522    i.get_next_flash_address  bsp_flash.o
    0x080137bc   0x080137bc   0x00000008   Code   RO         9065    i.get_pitch_gimbal_motor_measure_point  can_receive.o
    0x080137c4   0x080137c4   0x00000008   Code   RO         9464    i.get_pitch_motor_point  gimbal_task.o
    0x080137cc   0x080137cc   0x00000008   Code   RO         9880    i.get_remote_control_point  remote_control.o
    0x080137d4   0x080137d4   0x0000000c   Code   RO         9768    i.get_robot_id      referee.o
    0x080137e0   0x080137e0   0x00000018   Code   RO         9769    i.get_shoot_heat0_limit_and_heat0  referee.o
    0x080137f8   0x080137f8   0x0000005c   Code   RO         8235    i.get_temprate      bsp_adc.o
    0x08013854   0x08013854   0x00000008   Code   RO         9066    i.get_trigger_motor_measure_point  can_receive.o
    0x0801385c   0x0801385c   0x00000008   Code   RO         9067    i.get_yaw_gimbal_motor_measure_point  can_receive.o
    0x08013864   0x08013864   0x00000008   Code   RO         9465    i.get_yaw_motor_point  gimbal_task.o
    0x0801386c   0x0801386c   0x000000bc   Code   RO         9466    i.gimbal_PID_calc   gimbal_task.o
    0x08013928   0x08013928   0x00000030   Code   RO         9467    i.gimbal_PID_clear  gimbal_task.o
    0x08013958   0x08013958   0x00000030   Code   RO         9468    i.gimbal_PID_init   gimbal_task.o
    0x08013988   0x08013988   0x000001fc   Code   RO         9380    i.gimbal_absolute_angle_control  gimbal_behaviour.o
    0x08013b84   0x08013b84   0x000000f4   Code   RO         9469    i.gimbal_absolute_angle_limit  gimbal_task.o
    0x08013c78   0x08013c78   0x0000008c   Code   RO         9381    i.gimbal_behaviour_control_set  gimbal_behaviour.o
    0x08013d04   0x08013d04   0x0000008c   Code   RO         9382    i.gimbal_behaviour_mode_set  gimbal_behaviour.o
    0x08013d90   0x08013d90   0x000001a0   Code   RO         9383    i.gimbal_behavour_set  gimbal_behaviour.o
    0x08013f30   0x08013f30   0x000001d0   Code   RO         9384    i.gimbal_cali_control  gimbal_behaviour.o
    0x08014100   0x08014100   0x0000002c   Code   RO         9385    i.gimbal_cmd_to_chassis_stop  gimbal_behaviour.o
    0x0801412c   0x0801412c   0x00000024   Code   RO         9386    i.gimbal_cmd_to_shoot_stop  gimbal_behaviour.o
    0x08014150   0x08014150   0x00000070   Code   RO         9470    i.gimbal_control_loop  gimbal_task.o
    0x080141c0   0x080141c0   0x00000088   Code   RO         9471    i.gimbal_feedback_update  gimbal_task.o
    0x08014248   0x08014248   0x00000154   Code   RO         9472    i.gimbal_init       gimbal_task.o
    0x0801439c   0x0801439c   0x000000c4   Code   RO         9387    i.gimbal_init_control  gimbal_behaviour.o
    0x08014460   0x08014460   0x000000c0   Code   RO         9473    i.gimbal_mode_change_control_transit  gimbal_task.o
    0x08014520   0x08014520   0x00000020   Code   RO         9388    i.gimbal_motionless_control  gimbal_behaviour.o
    0x08014540   0x08014540   0x0000005c   Code   RO         9474    i.gimbal_motor_absolute_angle_control  gimbal_task.o
    0x0801459c   0x0801459c   0x00000022   Code   RO         9475    i.gimbal_motor_raw_angle_control  gimbal_task.o
    0x080145be   0x080145be   0x0000005e   Code   RO         9476    i.gimbal_motor_relative_angle_control  gimbal_task.o
    0x0801461c   0x0801461c   0x000000d4   Code   RO         9389    i.gimbal_relative_angle_control  gimbal_behaviour.o
    0x080146f0   0x080146f0   0x0000004a   Code   RO         9477    i.gimbal_relative_angle_limit  gimbal_task.o
    0x0801473a   0x0801473a   0x00000002   PAD
    0x0801473c   0x0801473c   0x000000a0   Code   RO         9478    i.gimbal_set_control  gimbal_task.o
    0x080147dc   0x080147dc   0x00000012   Code   RO         9479    i.gimbal_set_mode   gimbal_task.o
    0x080147ee   0x080147ee   0x00000002   PAD
    0x080147f0   0x080147f0   0x000000e0   Code   RO         9480    i.gimbal_task       gimbal_task.o
    0x080148d0   0x080148d0   0x00000020   Code   RO         9390    i.gimbal_zero_force_control  gimbal_behaviour.o
    0x080148f0   0x080148f0   0x00000054   Code   RO         9608    i.gyro_offset_calc  ins_task.o
    0x08014944   0x08014944   0x0000012c   Code   RO         9609    i.imu_cali_slove    ins_task.o
    0x08014a70   0x08014a70   0x000001a8   Code   RO         9610    i.imu_cmd_spi_dma   ins_task.o
    0x08014c18   0x08014c18   0x0000000c   Code   RO         8614    i.imu_pwm_set       bsp_imu_pwm.o
    0x08014c24   0x08014c24   0x000000b8   Code   RO         9611    i.imu_temp_control  ins_task.o
    0x08014cdc   0x08014cdc   0x000000b8   Code   RO         9771    i.init_referee_struct_data  referee.o
    0x08014d94   0x08014d94   0x00000040   Code   RO         8236    i.init_vrefint_reciprocal  bsp_adc.o
    0x08014dd4   0x08014dd4   0x00000002   Code   RO        10551    i.ist8310_GPIO_init  ist8310driver_middleware.o
    0x08014dd6   0x08014dd6   0x00000002   PAD
    0x08014dd8   0x08014dd8   0x00000028   Code   RO        10553    i.ist8310_IIC_read_single_reg  ist8310driver_middleware.o
    0x08014e00   0x08014e00   0x00000028   Code   RO        10555    i.ist8310_IIC_write_single_reg  ist8310driver_middleware.o
    0x08014e28   0x08014e28   0x00000014   Code   RO        10556    i.ist8310_RST_H     ist8310driver_middleware.o
    0x08014e3c   0x08014e3c   0x00000014   Code   RO        10557    i.ist8310_RST_L     ist8310driver_middleware.o
    0x08014e50   0x08014e50   0x00000002   Code   RO        10558    i.ist8310_com_init  ist8310driver_middleware.o
    0x08014e52   0x08014e52   0x0000000c   Code   RO        10559    i.ist8310_delay_ms  ist8310driver_middleware.o
    0x08014e5e   0x08014e5e   0x00000002   PAD
    0x08014e60   0x08014e60   0x00000094   Code   RO        10519    i.ist8310_init      ist8310driver.o
    0x08014ef4   0x08014ef4   0x00000010   Code   RO         8712    i.laser_off         bsp_laser.o
    0x08014f04   0x08014f04   0x00000010   Code   RO         8713    i.laser_on          bsp_laser.o
    0x08014f14   0x08014f14   0x000001b0   Code   RO        10133    i.led_RGB_flow_task  led_flow_task.o
    0x080150c4   0x080150c4   0x00000060   Code   RO        10808    i.loop_fp32_constrain  user_lib.o
    0x08015124   0x08015124   0x00000084   Code   RO           15    i.main              main.o
    0x080151a8   0x080151a8   0x0000000e   Code   RO         7326    i.makeFreeRtosPriority  cmsis_os.o
    0x080151b6   0x080151b6   0x00000002   PAD
    0x080151b8   0x080151b8   0x00000034   Code   RO         9481    i.motor_ecd_to_angle_change  gimbal_task.o
    0x080151ec   0x080151ec   0x00000214   Code   RO         9733    i.oled_task         oled_task.o
    0x08015400   0x08015400   0x00000030   Code   RO        10203    i.oled_write_byte   oled.o
    0x08015430   0x08015430   0x00000018   Code   RO         7328    i.osDelay           cmsis_os.o
    0x08015448   0x08015448   0x0000000a   Code   RO         7331    i.osKernelStart     cmsis_os.o
    0x08015452   0x08015452   0x00000010   Code   RO         7364    i.osSystickHandler  cmsis_os.o
    0x08015462   0x08015462   0x0000005e   Code   RO         7365    i.osThreadCreate    cmsis_os.o
    0x080154c0   0x080154c0   0x00000030   Code   RO         6823    i.pcTaskGetName     tasks.o
    0x080154f0   0x080154f0   0x000000a4   Code   RO         6824    i.prvAddCurrentTaskToDelayedList  tasks.o
    0x08015594   0x08015594   0x000000b4   Code   RO         6825    i.prvAddNewTaskToReadyList  tasks.o
    0x08015648   0x08015648   0x00000074   Code   RO         7173    i.prvCheckForValidListAndQueue  timers.o
    0x080156bc   0x080156bc   0x00000048   Code   RO         6826    i.prvCheckTasksWaitingTermination  tasks.o
    0x08015704   0x08015704   0x0000002a   Code   RO         6480    i.prvCopyDataFromQueue  queue.o
    0x0801572e   0x0801572e   0x0000007c   Code   RO         6481    i.prvCopyDataToQueue  queue.o
    0x080157aa   0x080157aa   0x00000050   Code   RO         6827    i.prvDeleteTCB      tasks.o
    0x080157fa   0x080157fa   0x00000002   PAD
    0x080157fc   0x080157fc   0x00000028   Code   RO         7174    i.prvGetNextExpireTime  timers.o
    0x08015824   0x08015824   0x0000007c   Code   RO         7705    i.prvHeapInit       heap_4.o
    0x080158a0   0x080158a0   0x00000028   Code   RO         6828    i.prvIdleTask       tasks.o
    0x080158c8   0x080158c8   0x00000026   Code   RO         6484    i.prvInitialiseNewQueue  queue.o
    0x080158ee   0x080158ee   0x000000b8   Code   RO         6829    i.prvInitialiseNewTask  tasks.o
    0x080159a6   0x080159a6   0x00000002   PAD
    0x080159a8   0x080159a8   0x00000068   Code   RO         6830    i.prvInitialiseTaskLists  tasks.o
    0x08015a10   0x08015a10   0x00000068   Code   RO         7706    i.prvInsertBlockIntoFreeList  heap_4.o
    0x08015a78   0x08015a78   0x00000058   Code   RO         7176    i.prvInsertTimerInActiveList  timers.o
    0x08015ad0   0x08015ad0   0x0000001a   Code   RO         6485    i.prvIsQueueEmpty   queue.o
    0x08015aea   0x08015aea   0x0000001e   Code   RO         6486    i.prvIsQueueFull    queue.o
    0x08015b08   0x08015b08   0x00000064   Code   RO         7177    i.prvProcessExpiredTimer  timers.o
    0x08015b6c   0x08015b6c   0x00000128   Code   RO         7178    i.prvProcessReceivedCommands  timers.o
    0x08015c94   0x08015c94   0x00000074   Code   RO         7179    i.prvProcessTimerOrBlockTask  timers.o
    0x08015d08   0x08015d08   0x00000034   Code   RO         6831    i.prvResetNextTaskUnblockTime  tasks.o
    0x08015d3c   0x08015d3c   0x0000002c   Code   RO         7180    i.prvSampleTimeNow  timers.o
    0x08015d68   0x08015d68   0x0000009e   Code   RO         6832    i.prvSearchForNameWithinSingleList  tasks.o
    0x08015e06   0x08015e06   0x00000002   PAD
    0x08015e08   0x08015e08   0x000000a0   Code   RO         7181    i.prvSwitchTimerLists  timers.o
    0x08015ea8   0x08015ea8   0x00000016   Code   RO         6833    i.prvTaskCheckFreeStackSpace  tasks.o
    0x08015ebe   0x08015ebe   0x00000002   PAD
    0x08015ec0   0x08015ec0   0x00000040   Code   RO         7755    i.prvTaskExitError  port.o
    0x08015f00   0x08015f00   0x0000001a   Code   RO         7182    i.prvTimerTask      timers.o
    0x08015f1a   0x08015f1a   0x0000007e   Code   RO         6487    i.prvUnlockQueue    queue.o
    0x08015f98   0x08015f98   0x0000013c   Code   RO         7707    i.pvPortMalloc      heap_4.o
    0x080160d4   0x080160d4   0x0000002c   Code   RO         7756    i.pxPortInitialiseStack  port.o
    0x08016100   0x08016100   0x00000084   Code   RO        11280    i.quat_normalization  AHRS.lib(ahrs.o)
    0x08016184   0x08016184   0x0000005a   Code   RO        10809    i.ramp_calc         user_lib.o
    0x080161de   0x080161de   0x00000002   PAD
    0x080161e0   0x080161e0   0x0000002c   Code   RO        10810    i.ramp_init         user_lib.o
    0x0801620c   0x0801620c   0x00000180   Code   RO         9772    i.referee_data_solve  referee.o
    0x0801638c   0x0801638c   0x0000014c   Code   RO         9835    i.referee_unpack_fifo_data  referee_usart_task.o
    0x080164d8   0x080164d8   0x00000038   Code   RO         9836    i.referee_usart_task  referee_usart_task.o
    0x08016510   0x08016510   0x00000014   Code   RO         9881    i.remote_control_init  remote_control.o
    0x08016524   0x08016524   0x000000da   Code   RO         9882    i.sbus_to_rc        remote_control.o
    0x080165fe   0x080165fe   0x00000002   PAD
    0x08016600   0x08016600   0x00000058   Code   RO         9883    i.sbus_to_usart1    remote_control.o
    0x08016658   0x08016658   0x0000003c   Code   RO         8924    i.servo_pwm_set     bsp_servo_pwm.o
    0x08016694   0x08016694   0x000000b0   Code   RO        10160    i.servo_task        servo_task.o
    0x08016744   0x08016744   0x00000020   Code   RO         9482    i.set_cali_gimbal_hook  gimbal_task.o
    0x08016764   0x08016764   0x000000a0   Code   RO         9952    i.shoot_bullet_control  shoot.o
    0x08016804   0x08016804   0x000001b4   Code   RO         9953    i.shoot_control_loop  shoot.o
    0x080169b8   0x080169b8   0x00000248   Code   RO         9954    i.shoot_feedback_update  shoot.o
    0x08016c00   0x08016c00   0x000000d4   Code   RO         9955    i.shoot_init        shoot.o
    0x08016cd4   0x08016cd4   0x0000021c   Code   RO         9956    i.shoot_set_mode    shoot.o
    0x08016ef0   0x08016ef0   0x0000003e   Code   RO        11671    i.sqrtf             m_wm.l(sqrtf_full.o)
    0x08016f2e   0x08016f2e   0x00000002   PAD
    0x08016f30   0x08016f30   0x0000008c   Code   RO        10008    i.test_task         test_task.o
    0x08016fbc   0x08016fbc   0x00000018   Code   RO         9341    i.toe_is_error      detect_task.o
    0x08016fd4   0x08016fd4   0x000000cc   Code   RO         9957    i.trigger_motor_turn_back  shoot.o
    0x080170a0   0x080170a0   0x00000074   Code   RO         6836    i.ulTaskNotifyTake  tasks.o
    0x08017114   0x08017114   0x0000007a   Code   RO        11281    i.update_w          AHRS.lib(ahrs.o)
    0x0801718e   0x0801718e   0x00000002   PAD
    0x08017190   0x08017190   0x000000a8   Code   RO         8881    i.usart1_tx_dma_enable  bsp_usart.o
    0x08017238   0x08017238   0x00000074   Code   RO         8882    i.usart1_tx_dma_init  bsp_usart.o
    0x080172ac   0x080172ac   0x00000138   Code   RO         8883    i.usart6_init       bsp_usart.o
    0x080173e4   0x080173e4   0x00000038   Code   RO        10042    i.usb_printf        usb_task.o
    0x0801741c   0x0801741c   0x00000134   Code   RO        10043    i.usb_task          usb_task.o
    0x08017550   0x08017550   0x00000028   Code   RO         6440    i.uxListRemove      list.o
    0x08017578   0x08017578   0x00000028   Code   RO         6838    i.uxTaskGetStackHighWaterMark  tasks.o
    0x080175a0   0x080175a0   0x00000018   Code   RO          533    i.vApplicationGetIdleTaskMemory  freertos.o
    0x080175b8   0x080175b8   0x00000018   Code   RO          534    i.vApplicationGetTimerTaskMemory  freertos.o
    0x080175d0   0x080175d0   0x0000001a   Code   RO         6441    i.vListInitialise   list.o
    0x080175ea   0x080175ea   0x00000006   Code   RO         6442    i.vListInitialiseItem  list.o
    0x080175f0   0x080175f0   0x00000034   Code   RO         6443    i.vListInsert       list.o
    0x08017624   0x08017624   0x00000018   Code   RO         6444    i.vListInsertEnd    list.o
    0x0801763c   0x0801763c   0x00000054   Code   RO         7758    i.vPortEnterCritical  port.o
    0x08017690   0x08017690   0x0000003c   Code   RO         7759    i.vPortExitCritical  port.o
    0x080176cc   0x080176cc   0x00000094   Code   RO         7708    i.vPortFree         heap_4.o
    0x08017760   0x08017760   0x00000028   Code   RO         7760    i.vPortSetupTimerInterrupt  port.o
    0x08017788   0x08017788   0x00000078   Code   RO         7761    i.vPortValidateInterruptPriority  port.o
    0x08017800   0x08017800   0x0000002c   Code   RO         6491    i.vQueueAddToRegistry  queue.o
    0x0801782c   0x0801782c   0x0000004a   Code   RO         6494    i.vQueueWaitForMessageRestricted  queue.o
    0x08017876   0x08017876   0x00000002   PAD
    0x08017878   0x08017878   0x0000005c   Code   RO         6842    i.vTaskDelay        tasks.o
    0x080178d4   0x080178d4   0x00000018   Code   RO         6846    i.vTaskInternalSetTimeOutState  tasks.o
    0x080178ec   0x080178ec   0x0000000c   Code   RO         6847    i.vTaskMissedYield  tasks.o
    0x080178f8   0x080178f8   0x000000f0   Code   RO         6848    i.vTaskNotifyGiveFromISR  tasks.o
    0x080179e8   0x080179e8   0x00000038   Code   RO         6849    i.vTaskPlaceOnEventList  tasks.o
    0x08017a20   0x08017a20   0x00000040   Code   RO         6850    i.vTaskPlaceOnEventListRestricted  tasks.o
    0x08017a60   0x08017a60   0x000000b8   Code   RO         6857    i.vTaskStartScheduler  tasks.o
    0x08017b18   0x08017b18   0x00000010   Code   RO         6859    i.vTaskSuspendAll   tasks.o
    0x08017b28   0x08017b28   0x0000008c   Code   RO         6860    i.vTaskSwitchContext  tasks.o
    0x08017bb4   0x08017bb4   0x00000040   Code   RO        10900    i.verify_CRC16_check_sum  crc8_crc16.o
    0x08017bf4   0x08017bf4   0x0000002e   Code   RO        10901    i.verify_CRC8_check_sum  crc8_crc16.o
    0x08017c22   0x08017c22   0x00000002   PAD
    0x08017c24   0x08017c24   0x00000168   Code   RO         7762    i.xPortStartScheduler  port.o
    0x08017d8c   0x08017d8c   0x00000034   Code   RO         7763    i.xPortSysTickHandler  port.o
    0x08017dc0   0x08017dc0   0x000000de   Code   RO         6498    i.xQueueGenericCreateStatic  queue.o
    0x08017e9e   0x08017e9e   0x00000002   PAD
    0x08017ea0   0x08017ea0   0x00000098   Code   RO         6499    i.xQueueGenericReset  queue.o
    0x08017f38   0x08017f38   0x000001a8   Code   RO         6500    i.xQueueGenericSend  queue.o
    0x080180e0   0x080180e0   0x000000f8   Code   RO         6501    i.xQueueGenericSendFromISR  queue.o
    0x080181d8   0x080181d8   0x00000168   Code   RO         6509    i.xQueueReceive     queue.o
    0x08018340   0x08018340   0x000000a8   Code   RO         6862    i.xTaskCheckForTimeOut  tasks.o
    0x080183e8   0x080183e8   0x00000064   Code   RO         6863    i.xTaskCreate       tasks.o
    0x0801844c   0x0801844c   0x000000b8   Code   RO         6864    i.xTaskCreateStatic  tasks.o
    0x08018504   0x08018504   0x000000a4   Code   RO         6868    i.xTaskGetHandle    tasks.o
    0x080185a8   0x080185a8   0x00000020   Code   RO         6869    i.xTaskGetSchedulerState  tasks.o
    0x080185c8   0x080185c8   0x0000000c   Code   RO         6870    i.xTaskGetTickCount  tasks.o
    0x080185d4   0x080185d4   0x00000148   Code   RO         6872    i.xTaskIncrementTick  tasks.o
    0x0801871c   0x0801871c   0x000000c8   Code   RO         6875    i.xTaskPriorityDisinherit  tasks.o
    0x080187e4   0x080187e4   0x00000098   Code   RO         6877    i.xTaskRemoveFromEventList  tasks.o
    0x0801887c   0x0801887c   0x00000104   Code   RO         6878    i.xTaskResumeAll    tasks.o
    0x08018980   0x08018980   0x00000078   Code   RO         7187    i.xTimerCreateTimerTask  timers.o
    0x080189f8   0x080189f8   0x00000084   Code   RO         7188    i.xTimerGenericCommand  timers.o
    0x08018a7c   0x08018a7c   0x0000002c   Code   RO        12019    locale$$code        c_w.l(lc_numeric_c.o)
    0x08018aa8   0x08018aa8   0x0000002c   Code   RO        12054    locale$$code        c_w.l(lc_ctype_c.o)
    0x08018ad4   0x08018ad4   0x000002c4   Code   RO        11601    x$fpl$d2f           g_wm.l(d2f_clz.o)
    0x08018d98   0x08018d98   0x0000024c   Code   RO        11603    x$fpl$dadd          g_wm.l(daddsub_clz.o)
    0x08018fe4   0x08018fe4   0x00000018   Code   RO        11853    x$fpl$dcmpinf       g_wm.l(dcmpi.o)
    0x08018ffc   0x08018ffc   0x0000001a   Code   RO        11857    x$fpl$dfltn         g_wm.l(dflt_clz.o)
    0x08019016   0x08019016   0x00000002   PAD
    0x08019018   0x08019018   0x00000078   Code   RO        11609    x$fpl$dleqf         g_wm.l(dleqf.o)
    0x08019090   0x08019090   0x00000102   Code   RO        11861    x$fpl$dnaninf       g_wm.l(dnaninf.o)
    0x08019192   0x08019192   0x00000070   Code   RO        11969    x$fpl$drenorm       g_wm.l(drenorm_clz.o)
    0x08019202   0x08019202   0x0000000c   Code   RO        11863    x$fpl$dretinf       g_wm.l(dretinf.o)
    0x0801920e   0x0801920e   0x00000062   Code   RO        11611    x$fpl$drleqf        g_wm.l(drleqf.o)
    0x08019270   0x08019270   0x0000029c   Code   RO        11605    x$fpl$dsub          g_wm.l(daddsub_clz.o)
    0x0801950c   0x0801950c   0x0000017a   Code   RO        11865    x$fpl$dunder        g_wm.l(dunder_clz.o)
    0x08019686   0x08019686   0x00000002   PAD
    0x08019688   0x08019688   0x000001ec   Code   RO        11867    x$fpl$exception     g_wm.l(except.o)
    0x08019874   0x08019874   0x0000007a   Code   RO        11613    x$fpl$f2d           g_wm.l(f2d.o)
    0x080198ee   0x080198ee   0x000000f2   Code   RO        11869    x$fpl$fnaninf       g_wm.l(fnaninf.o)
    0x080199e0   0x080199e0   0x0000000a   Code   RO        11971    x$fpl$fpinit        g_wm.l(fpinit.o)
    0x080199ea   0x080199ea   0x0000000a   Code   RO        11871    x$fpl$fretinf       g_wm.l(fretinf.o)
    0x080199f4   0x080199f4   0x0000013c   Code   RO        11873    x$fpl$funder        g_wm.l(funder_clz.o)
    0x08019b30   0x08019b30   0x00000020   Code   RO        12041    x$fpl$ieeestatus    g_wm.l(istatus.o)
    0x08019b50   0x08019b50   0x00000004   Code   RO        11875    x$fpl$printf1       g_wm.l(printf1.o)
    0x08019b54   0x08019b54   0x00000004   Code   RO        11877    x$fpl$printf2       g_wm.l(printf2.o)
    0x08019b58   0x08019b58   0x000000b2   Code   RO        11973    x$fpl$retnan        g_wm.l(retnan.o)
    0x08019c0a   0x08019c0a   0x0000007e   Code   RO        11883    x$fpl$trapveneer    g_wm.l(trapv.o)
    0x08019c88   0x08019c88   0x00000000   Code   RO        11885    x$fpl$usenofp       g_wm.l(usenofp.o)
    0x08019c88   0x08019c88   0x00000150   Data   RO          536    .constdata          freertos.o
    0x08019dd8   0x08019dd8   0x00000008   Data   RO         5642    .constdata          stm32f4xx_hal_dma.o
    0x08019de0   0x08019de0   0x00000018   Data   RO         6304    .constdata          system_stm32f4xx.o
    0x08019df8   0x08019df8   0x0000000f   Data   RO         8960    .constdata          calibrate_task.o
    0x08019e07   0x08019e07   0x00000001   PAD
    0x08019e08   0x08019e08   0x00000020   Data   RO         9280    .constdata          chassis_task.o
    0x08019e28   0x08019e28   0x00000054   Data   RO         9343    .constdata          detect_task.o
    0x08019e7c   0x08019e7c   0x00000018   Data   RO         9484    .constdata          gimbal_task.o
    0x08019e94   0x08019e94   0x00000018   Data   RO         9613    .constdata          ins_task.o
    0x08019eac   0x08019eac   0x00001164   Data   RO         9734    .constdata          oled_task.o
    0x0801b010   0x0801b010   0x00000018   Data   RO         9959    .constdata          shoot.o
    0x0801b028   0x0801b028   0x0000000e   Data   RO        10045    .constdata          usb_task.o
    0x0801b036   0x0801b036   0x00000008   Data   RO        10161    .constdata          servo_task.o
    0x0801b03e   0x0801b03e   0x00000002   PAD
    0x0801b040   0x0801b040   0x0000115c   Data   RO        10205    .constdata          oled.o
    0x0801c19c   0x0801c19c   0x00000012   Data   RO        10331    .constdata          bmi088driver.o
    0x0801c1ae   0x0801c1ae   0x0000000c   Data   RO        10522    .constdata          ist8310driver.o
    0x0801c1ba   0x0801c1ba   0x00000302   Data   RO        10902    .constdata          crc8_crc16.o
    0x0801c4bc   0x0801c4bc   0x0000000c   Data   RO        11282    .constdata          AHRS.lib(ahrs.o)
    0x0801c4c8   0x0801c4c8   0x00000804   Data   RO        11492    .constdata          arm_cortexM4lf_math.lib(arm_common_tables.o)
    0x0801cccc   0x0801cccc   0x00000008   Data   RO        11732    .constdata          c_w.l(_printf_wctomb.o)
    0x0801ccd4   0x0801ccd4   0x00000028   Data   RO        11761    .constdata          c_w.l(_printf_hex_int_ll_ptr.o)
    0x0801ccfc   0x0801ccfc   0x00000011   Data   RO        11781    .constdata          c_w.l(__printf_flags_ss_wp.o)
    0x0801cd0d   0x0801cd0d   0x00000026   Data   RO        11949    .constdata          c_w.l(_printf_fp_hex.o)
    0x0801cd33   0x0801cd33   0x00000001   PAD
    0x0801cd34   0x0801cd34   0x00000094   Data   RO        11994    .constdata          c_w.l(bigflt0.o)
    0x0801cdc8   0x0801cdc8   0x00000069   Data   RO          537    .conststring        freertos.o
    0x0801ce31   0x0801ce31   0x00000003   PAD
    0x0801ce34   0x0801ce34   0x00000122   Data   RO        10046    .conststring        usb_task.o
    0x0801cf56   0x0801cf56   0x00000002   PAD
    0x0801cf58   0x0801cf58   0x00000020   Data   RO        12110    Region$$Table       anon$$obj.o
    0x0801cf78   0x0801cf78   0x0000001c   Data   RO        12018    locale$$data        c_w.l(lc_numeric_c.o)
    0x0801cf94   0x0801cf94   0x00000110   Data   RO        12053    locale$$data        c_w.l(lc_ctype_c.o)


    Execution Region RW_IRAM1 (Exec base: 0x20000000, Load base: 0x0801d0a4, Size: 0x0000e678, Max: 0x00020000, ABSOLUTE, COMPRESSED[0x00000180])

    Exec Addr    Load Addr    Size         Type   Attr      Idx    E Section Name        Object

    0x20000000   COMPRESSED   0x00000004   Data   RW          421    .data               can.o
    0x20000004   COMPRESSED   0x00000008   Data   RW          468    .data               crc.o
    0x2000000c   COMPRESSED   0x00000030   Data   RW          538    .data               freertos.o
    0x2000003c   COMPRESSED   0x0000004e   Data   RW         1161    .data               usbd_desc.o
    0x2000008a   COMPRESSED   0x00000002   PAD
    0x2000008c   COMPRESSED   0x00000010   Data   RW         1247    .data               usbd_cdc_if.o
    0x2000009c   COMPRESSED   0x00000009   Data   RW         6074    .data               stm32f4xx_hal.o
    0x200000a5   COMPRESSED   0x00000003   PAD
    0x200000a8   COMPRESSED   0x00000004   Data   RW         6305    .data               system_stm32f4xx.o
    0x200000ac   COMPRESSED   0x0000003c   Data   RW         6881    .data               tasks.o
    0x200000e8   COMPRESSED   0x00000014   Data   RW         7196    .data               timers.o
    0x200000fc   COMPRESSED   0x00000018   Data   RW         7713    .data               heap_4.o
    0x20000114   COMPRESSED   0x0000000c   Data   RW         7764    .data               port.o
    0x20000120   COMPRESSED   0x00000001   Data   RW         7986    .data               usbd_ctlreq.o
    0x20000121   COMPRESSED   0x00000003   PAD
    0x20000124   COMPRESSED   0x0000010f   Data   RW         8142    .data               usbd_cdc.o
    0x20000233   COMPRESSED   0x00000001   PAD
    0x20000234   COMPRESSED   0x00000004   Data   RW         8238    .data               bsp_adc.o
    0x20000238   COMPRESSED   0x00000008   Data   RW         8482    .data               bsp_delay.o
    0x20000240   COMPRESSED   0x00000010   Data   RW         8523    .data               bsp_flash.o
    0x20000250   COMPRESSED   0x00000008   Data   RW         8747    .data               bsp_led.o
    0x20000258   COMPRESSED   0x00000054   Data   RW         8961    .data               calibrate_task.o
    0x200002ac   COMPRESSED   0x00000011   Data   RW         9069    .data               can_receive.o
    0x200002bd   COMPRESSED   0x00000003   PAD
    0x200002c0   COMPRESSED   0x00000011   Data   RW         9157    .data               chassis_behaviour.o
    0x200002d1   COMPRESSED   0x00000003   PAD
    0x200002d4   COMPRESSED   0x00000004   Data   RW         9281    .data               chassis_task.o
    0x200002d8   COMPRESSED   0x00000009   Data   RW         9344    .data               detect_task.o
    0x200002e1   COMPRESSED   0x00000003   PAD
    0x200002e4   COMPRESSED   0x0000001c   Data   RW         9391    .data               gimbal_behaviour.o
    0x20000300   COMPRESSED   0x00000014   Data   RW         9485    .data               gimbal_task.o
    0x20000314   COMPRESSED   0x000000a0   Data   RW         9614    .data               ins_task.o
    0x200003b4   COMPRESSED   0x00000017   Data   RW         9735    .data               oled_task.o
    0x200003cb   COMPRESSED   0x00000026   Data   RW         9774    .data               referee.o
    0x200003f1   COMPRESSED   0x00000001   PAD
    0x200003f2   COMPRESSED   0x00000002   Data   RW         9838    .data               referee_usart_task.o
    0x200003f4   COMPRESSED   0x00000003   Data   RW         9887    .data               remote_control.o
    0x200003f7   COMPRESSED   0x00000001   PAD
    0x200003f8   COMPRESSED   0x00000012   Data   RW         9960    .data               shoot.o
    0x2000040a   COMPRESSED   0x00000002   PAD
    0x2000040c   COMPRESSED   0x0000000a   Data   RW        10009    .data               test_task.o
    0x20000416   COMPRESSED   0x00000002   PAD
    0x20000418   COMPRESSED   0x00000008   Data   RW        10047    .data               usb_task.o
    0x20000420   COMPRESSED   0x00000008   Data   RW        10098    .data               voltage_task.o
    0x20000428   COMPRESSED   0x0000001c   Data   RW        10134    .data               led_flow_task.o
    0x20000444   COMPRESSED   0x0000000c   Data   RW        10162    .data               servo_task.o
    0x20000450   COMPRESSED   0x00000008   Data   RW        10206    .data               oled.o
    0x20000458   COMPRESSED   0x0000002c   Data   RW        10332    .data               bmi088driver.o
    0x20000484   COMPRESSED   0x00000002   Data   RW        10903    .data               crc8_crc16.o
    0x20000486   COMPRESSED   0x00000002   PAD
    0x20000488   COMPRESSED   0x00000010   Data   RW        11283    .data               AHRS.lib(ahrs.o)
    0x20000498        -       0x00000090   Zero   RW          372    .bss                adc.o
    0x20000528        -       0x00000050   Zero   RW          420    .bss                can.o
    0x20000578        -       0x000006a8   Zero   RW          535    .bss                freertos.o
    0x20000c20        -       0x0000015c   Zero   RW          595    .bss                i2c.o
    0x20000d7c        -       0x00000010   Zero   RW          647    .bss                rng.o
    0x20000d8c        -       0x00000020   Zero   RW          689    .bss                rtc.o
    0x20000dac        -       0x00000170   Zero   RW          732    .bss                spi.o
    0x20000f1c        -       0x00000180   Zero   RW          785    .bss                tim.o
    0x2000109c        -       0x00000240   Zero   RW          859    .bss                usart.o
    0x200012dc        -       0x0000029c   Zero   RW          909    .bss                usb_device.o
    0x20001578        -       0x00000408   Zero   RW          985    .bss                usbd_conf.o
    0x20001980        -       0x00000200   Zero   RW         1160    .bss                usbd_desc.o
    0x20001b80        -       0x00001000   Zero   RW         1246    .bss                usbd_cdc_if.o
    0x20002b80        -       0x00000020   Zero   RW         5296    .bss                stm32f4xx_hal_flash.o
    0x20002ba0        -       0x00000040   Zero   RW         6512    .bss                queue.o
    0x20002be0        -       0x000000f0   Zero   RW         6880    .bss                tasks.o
    0x20002cd0        -       0x00000110   Zero   RW         7195    .bss                timers.o
    0x20002de0        -       0x00006000   Zero   RW         7712    .bss                heap_4.o
    0x20008de0        -       0x00000010   Zero   RW         8237    .bss                bsp_adc.o
    0x20008df0        -       0x00000115   Zero   RW         8959    .bss                calibrate_task.o
    0x20008f05   COMPRESSED   0x00000003   PAD
    0x20008f08        -       0x00000078   Zero   RW         9068    .bss                can_receive.o
    0x20008f80        -       0x0000022c   Zero   RW         9279    .bss                chassis_task.o
    0x200091ac        -       0x0000021c   Zero   RW         9342    .bss                detect_task.o
    0x200093c8        -       0x000001e8   Zero   RW         9483    .bss                gimbal_task.o
    0x200095b0        -       0x00000134   Zero   RW         9612    .bss                ins_task.o
    0x200096e4        -       0x00000055   Zero   RW         9773    .bss                referee.o
    0x20009739   COMPRESSED   0x00000003   PAD
    0x2000973c        -       0x000008a1   Zero   RW         9837    .bss                referee_usart_task.o
    0x20009fdd        -       0x00000072   Zero   RW         9886    .bss                remote_control.o
    0x2000a04f   COMPRESSED   0x00000001   PAD
    0x2000a050        -       0x000000b0   Zero   RW         9958    .bss                shoot.o
    0x2000a100        -       0x00000100   Zero   RW        10044    .bss                usb_task.o
    0x2000a200        -       0x00000417   Zero   RW        10204    .bss                oled.o
    0x2000a617   COMPRESSED   0x00000001   PAD
    0x2000a618        -       0x00000060   Zero   RW        11908    .bss                c_w.l(libspace.o)
    0x2000a678        -       0x00002000   Zero   RW            2    HEAP                startup_stm32f407xx.o
    0x2000c678        -       0x00002000   Zero   RW            1    STACK               startup_stm32f407xx.o


==============================================================================

Image component sizes


      Code (inc. data)   RO Data    RW Data    ZI Data      Debug   Object Name

       396         42          0          0        144       2778   adc.o
       168          4          0          0          0       6296   ahrs_middleware.o
      2338         40         18         44          0      11899   bmi088driver.o
       140         28          0          0          0       5672   bmi088middleware.o
       288         44          0          4         16     630772   bsp_adc.o
        36         12          0          0          0       1173   bsp_buzzer.o
        92          8          0          0          0        682   bsp_can.o
       128         20          0          8          0       1608   bsp_delay.o
       694        108          0         16          0       4617   bsp_flash.o
        24          8          0          0          0       1158   bsp_fric.o
      1260        100          0          0          0       6681   bsp_i2c.o
        12          4          0          0          0        594   bsp_imu_pwm.o
        32         10          0          0          0       1095   bsp_laser.o
       104         22          0          8          0        684   bsp_led.o
       260         28          0          0          0       2339   bsp_rc.o
        60          8          0          0          0        672   bsp_servo_pwm.o
     10428        170          0          0          0       5842   bsp_spi.o
       596         50          0          0          0       2691   bsp_usart.o
      2062        108         15         84        277      13342   calibrate_task.o
       488         44          0          4         80       2854   can.o
       496         72          0         17        120       8920   can_receive.o
       944         74          0         17          0      16442   chassis_behaviour.o
       464         36          0          0          0       2084   chassis_power_control.o
      2342        126         32          4        556       9036   chassis_task.o
       158          0          0          0          0      23498   cmsis_os.o
        84         18          0          8          0       1827   crc.o
       198         16        770          2          0       4297   crc8_crc16.o
      1360         50         84          9        540       4517   detect_task.o
       184          6          0          0          0       1018   dma.o
         0          0          0          0          0      18204   event_groups.o
       258          0          0          0          0       9943   fifo.o
       396         74        441         48       1704       4421   freertos.o
      2220        182          0         28          0      10335   gimbal_behaviour.o
      2788        128         24         20        488      19965   gimbal_task.o
       596         30          0          0          0       1499   gpio.o
       692         62          0         24      24576       5343   heap_4.o
       700         80          0          0        348       3616   i2c.o
      4360        330         24        160        308      20764   ins_task.o
       148          6         12          0          0       1739   ist8310driver.o
       136         22          0          0          0       4651   ist8310driver_middleware.o
       432         10          0         28          0       1941   led_flow_task.o
       148          0          0          0          0       4134   list.o
       346         14          0          0          0     799816   main.o
      1092         56       4444          8       1047      12491   oled.o
       532         42       4452         23          0       3338   oled_task.o
       668         12          0          0          0       2810   pid.o
      1014         92          0         12          0      13185   port.o
      1910         20          0          0         64      16044   queue.o
       632        160          0         38         85       9911   referee.o
       684         50          0          2       2209       4532   referee_usart_task.o
       654         44          0          3        114       4496   remote_control.o
        84         18          0          0         16       1827   rng.o
        76         16          0          0         32       1779   rtc.o
       176         14          8         12          0       1970   servo_task.o
      2136        156         24         18        176       5790   shoot.o
       604         54          0          0        368       3020   spi.o
        64         26        392          0      16384        940   startup_stm32f407xx.o
       212         36          0          9          0       5221   stm32f4xx_hal.o
      1370         54          0          0          0       5778   stm32f4xx_hal_adc.o
      2136          6          0          0          0      16203   stm32f4xx_hal_can.o
       304         22          0          0          0      35111   stm32f4xx_hal_cortex.o
        36          0          0          0          0       1227   stm32f4xx_hal_crc.o
      1034         16          8          0          0       4360   stm32f4xx_hal_dma.o
       636         64          0          0         32       6910   stm32f4xx_hal_flash.o
       432         26          0          0          0       3726   stm32f4xx_hal_flash_ex.o
       568         50          0          0          0       4094   stm32f4xx_hal_gpio.o
      3312         60          0          0          0      14988   stm32f4xx_hal_i2c.o
        84          6          0          0          0       1022   stm32f4xx_hal_msp.o
      3242         18          0          0          0      14317   stm32f4xx_hal_pcd.o
        90          0          0          0          0       2809   stm32f4xx_hal_pcd_ex.o
      1732         84          0          0          0       6192   stm32f4xx_hal_rcc.o
       416         20          0          0          0       1592   stm32f4xx_hal_rcc_ex.o
        52          0          0          0          0       1259   stm32f4xx_hal_rng.o
       336          4          0          0          0       2996   stm32f4xx_hal_rtc.o
       970          8          0          0          0       4977   stm32f4xx_hal_spi.o
      1572         90          0          0          0      14499   stm32f4xx_hal_tim.o
       200          0          0          0          0       2384   stm32f4xx_hal_tim_ex.o
       986          8          0          0          0       2084   stm32f4xx_hal_uart.o
       168         36          0          0          0       9743   stm32f4xx_it.o
      3696        112          0          0          0      25578   stm32f4xx_ll_usb.o
         0          0          0          0          0        392   stream_buffer.o
       100         18         24          4          0       1439   system_stm32f4xx.o
      3688        418          0         60        240      33789   tasks.o
       264         28          0         10          0       2380   test_task.o
      2124        162          0          0        384       7715   tim.o
      1238        124          0         20        272      28659   timers.o
       924         90          0          0        576       3996   usart.o
        76         16          0          0        668       2767   usb_device.o
       364         24        304          8        256       2910   usb_task.o
       964         24          0        271          0      15186   usbd_cdc.o
       192         22          0         16       4096       4176   usbd_cdc_if.o
       990         18          0          0       1032      18156   usbd_conf.o
       886          0          0          0          0      14773   usbd_core.o
      1944         28          0          1          0      12496   usbd_ctlreq.o
       386        122          0         78        512       7657   usbd_desc.o
       174          0          0          0          0       5376   usbd_ioreq.o
       440          8          0          0          0       5747   user_lib.o
       336         72          0          8          0       2433   voltage_task.o

    ----------------------------------------------------------------------
     88158       4848      11116       1160      57728    2120709   Object Totals
         0          0         32          0          0          0   (incl. Generated)
       102          0          8         26          8          0   (incl. Padding)

    ----------------------------------------------------------------------

      Code (inc. data)   RO Data    RW Data    ZI Data      Debug   Library Member Name

      2718         84         12         16          0       9922   ahrs.o
         0          0       2052          0          0       4636   arm_common_tables.o
       120         12          0          0          0      16970   arm_cos_f32.o
       116         12          0          0          0        658   arm_sin_f32.o
        90          0          0          0          0          0   __dczerorl2.o
         8          0          0          0          0         68   __main.o
       392          4         17          0          0         92   __printf_flags_ss_wp.o
        14          0          0          0          0         68   __printf_wp.o
         0          0          0          0          0          0   __rtentry.o
        12          0          0          0          0          0   __rtentry2.o
         6          0          0          0          0          0   __rtentry4.o
        52          8          0          0          0          0   __scatter.o
        28          0          0          0          0          0   __scatter_zi.o
        48          4          0          0          0         84   _fptrap.o
         6          0          0          0          0          0   _printf_a.o
         6          0          0          0          0          0   _printf_c.o
        44          0          0          0          0        108   _printf_char.o
        48          6          0          0          0         96   _printf_char_common.o
        40          0          0          0          0         68   _printf_charcount.o
         6          0          0          0          0          0   _printf_d.o
       120         16          0          0          0         92   _printf_dec.o
         6          0          0          0          0          0   _printf_e.o
         6          0          0          0          0          0   _printf_f.o
      1054          0          0          0          0        216   _printf_fp_dec.o
       764          8         38          0          0        100   _printf_fp_hex.o
       128         16          0          0          0         84   _printf_fp_infnan.o
         6          0          0          0          0          0   _printf_g.o
       148          4         40          0          0        160   _printf_hex_int_ll_ptr.o
         6          0          0          0          0          0   _printf_i.o
       178          0          0          0          0         88   _printf_intcommon.o
        10          0          0          0          0          0   _printf_l.o
         6          0          0          0          0          0   _printf_lc.o
        10          0          0          0          0          0   _printf_ll.o
         6          0          0          0          0          0   _printf_lld.o
         6          0          0          0          0          0   _printf_lli.o
         6          0          0          0          0          0   _printf_llo.o
         6          0          0          0          0          0   _printf_llu.o
         6          0          0          0          0          0   _printf_llx.o
       124         16          0          0          0         92   _printf_longlong_dec.o
         6          0          0          0          0          0   _printf_ls.o
         6          0          0          0          0          0   _printf_n.o
         6          0          0          0          0          0   _printf_o.o
       112         10          0          0          0        124   _printf_oct_int_ll.o
         6          0          0          0          0          0   _printf_p.o
        78          0          0          0          0        108   _printf_pad.o
         0          0          0          0          0          0   _printf_percent.o
         4          0          0          0          0          0   _printf_percent_end.o
         6          0          0          0          0          0   _printf_s.o
        82          0          0          0          0         80   _printf_str.o
        36          0          0          0          0         84   _printf_truncate.o
         6          0          0          0          0          0   _printf_u.o
        44          0          0          0          0        108   _printf_wchar.o
       188          6          8          0          0         92   _printf_wctomb.o
         6          0          0          0          0          0   _printf_x.o
        22          0          0          0          0        100   _rserrno.o
        10          0          0          0          0         68   _sputc.o
        64          0          0          0          0         92   _wcrtomb.o
        16          0          0          0          0         68   aeabi_memset.o
       228          4        148          0          0         96   bigflt0.o
      1936        128          0          0          0        672   btod.o
        10          0          0          0          0         68   defsig_exit.o
       172        110          0          0          0         76   defsig_fpe_inner.o
        14          0          0          0          0         80   defsig_fpe_outer.o
        50          0          0          0          0         88   defsig_general.o
        80         58          0          0          0         76   defsig_rtmem_inner.o
        14          0          0          0          0         80   defsig_rtmem_outer.o
        18          0          0          0          0         80   exit.o
        94          0          0          0          0         80   h1_alloc.o
        52          0          0          0          0         68   h1_extend.o
        78          0          0          0          0         80   h1_free.o
        14          0          0          0          0         84   h1_init.o
         6          0          0          0          0        152   heapauxi.o
         4          0          0          0          0        136   hguard.o
         0          0          0          0          0          0   indicate_semi.o
       138          0          0          0          0        168   init_alloc.o
        44         10        272          0          0         76   lc_ctype_c.o
        44         10         28          0          0         76   lc_numeric_c.o
         2          0          0          0          0          0   libinit.o
        42          0          0          0          0          0   libinit2.o
         2          0          0          0          0          0   libshutdown.o
         2          0          0          0          0          0   libshutdown2.o
         8          4          0          0         96         68   libspace.o
       138          0          0          0          0         80   lludiv10.o
       238          0          0          0          0        100   lludivv7m.o
         0          0          0          0          0          0   maybetermalloc1.o
        16          4          0          0          0         76   rt_ctype_table.o
         8          4          0          0          0         68   rt_errno_addr_intlibspace.o
         8          4          0          0          0         68   rt_heap_descriptor_intlibspace.o
         8          4          0          0          0         68   rt_locale_intlibspace.o
        68          0          0          0          0         68   rt_memclr.o
        78          0          0          0          0         80   rt_memclr_w.o
       138          0          0          0          0         68   rt_memcpy_v6.o
       100          0          0          0          0         80   rt_memcpy_w.o
         2          0          0          0          0          0   rtexit.o
        10          0          0          0          0          0   rtexit2.o
       128          0          0          0          0         68   strcmpv7m.o
        62          0          0          0          0         76   strlen.o
        12          4          0          0          0         68   sys_exit.o
        74          0          0          0          0         80   sys_stackheap_outer.o
        14          0          0          0          0         76   sys_wrch.o
         2          0          0          0          0         68   use_no_semi.o
        36          4          0          0          0         76   vsprintf.o
       708         16          0          0          0        140   d2f_clz.o
      1256         28          0          0          0        408   daddsub_clz.o
        24          0          0          0          0        116   dcmpi.o
        26          0          0          0          0        116   dflt_clz.o
       120          8          0          0          0        140   dleqf.o
       258          4          0          0          0        156   dnaninf.o
       112          0          0          0          0        160   drenorm_clz.o
        12          0          0          0          0        116   dretinf.o
        98          0          0          0          0        128   drleqf.o
       378          0          0          0          0        168   dunder_clz.o
       492         36          0          0          0        148   except.o
       122          8          0          0          0        132   f2d.o
       242          4          0          0          0        144   fnaninf.o
        10          0          0          0          0        116   fpinit.o
        10          0          0          0          0        116   fretinf.o
       316          0          0          0          0        132   funder_clz.o
        32          4          0          0          0        116   istatus.o
         4          0          0          0          0        116   printf1.o
         4          0          0          0          0        116   printf2.o
       178          0          0          0          0        116   retnan.o
       126          0          0          0          0        148   trapv.o
         0          0          0          0          0          0   usenofp.o
       300         42          0          0          0        176   asinf.o
       684         90          0          0          0        208   atan2f.o
        20          0          0          0          0        124   fabs.o
        48          0          0          0          0        124   fpclassify.o
        38          0          0          0          0        116   fpclassifyf.o
        44         12          0          0          0        464   funder.o
       120          0          0          0          0        272   sqrtf_full.o

    ----------------------------------------------------------------------
     17058        806       2616         16         96      42630   Library Totals
        36          0          1          0          0          0   (incl. Padding)

    ----------------------------------------------------------------------

      Code (inc. data)   RO Data    RW Data    ZI Data      Debug   Library Name

      2718         84         12         16          0       9922   AHRS.lib
       236         24       2052          0          0      22264   arm_cortexM4lf_math.lib
      8286        446        551          0         96       5912   c_w.l
      4528        108          0          0          0       3048   g_wm.l
      1254        144          0          0          0       1484   m_wm.l

    ----------------------------------------------------------------------
     17058        806       2616         16         96      42630   Library Totals

    ----------------------------------------------------------------------

==============================================================================


      Code (inc. data)   RO Data    RW Data    ZI Data      Debug   

    105216       5654      13732       1176      57824    2097259   Grand Totals
    105216       5654      13732        384      57824    2097259   ELF Image Totals (compressed)
    105216       5654      13732        384          0          0   ROM Totals

==============================================================================

    Total RO  Size (Code + RO Data)               118948 ( 116.16kB)
    Total RW  Size (RW Data + ZI Data)             59000 (  57.62kB)
    Total ROM Size (Code + RO Data + RW Data)     119332 ( 116.54kB)

==============================================================================

